Component: ARM Compiler 5.06 update 6 (build 750) Tool: armlink [4d35ed]

==============================================================================

Section Cross References

    startup_stm32f051x8.o(RESET) refers to startup_stm32f051x8.o(STACK) for __initial_sp
    startup_stm32f051x8.o(RESET) refers to startup_stm32f051x8.o(.text) for Reset_Handler
    startup_stm32f051x8.o(RESET) refers to stm32f0xx_it.o(i.NMI_Handler) for NMI_Handler
    startup_stm32f051x8.o(RESET) refers to stm32f0xx_it.o(i.HardFault_Handler) for HardFault_Handler
    startup_stm32f051x8.o(RESET) refers to stm32f0xx_it.o(i.SVC_Handler) for SVC_Handler
    startup_stm32f051x8.o(RESET) refers to stm32f0xx_it.o(i.PendSV_Handler) for PendSV_Handler
    startup_stm32f051x8.o(RESET) refers to stm32f0xx_it.o(i.SysTick_Handler) for SysTick_Handler
    startup_stm32f051x8.o(RESET) refers to stm32f0xx_it.o(i.EXTI4_15_IRQHandler) for EXTI4_15_IRQHandler
    startup_stm32f051x8.o(RESET) refers to stm32f0xx_it.o(i.DMA1_Channel4_5_IRQHandler) for DMA1_Channel4_5_IRQHandler
    startup_stm32f051x8.o(RESET) refers to stm32f0xx_it.o(i.USART1_IRQHandler) for USART1_IRQHandler
    startup_stm32f051x8.o(RESET) refers to stm32f0xx_it.o(i.USART2_IRQHandler) for USART2_IRQHandler
    startup_stm32f051x8.o(.text) refers to system_stm32f0xx.o(i.SystemInit) for SystemInit
    startup_stm32f051x8.o(.text) refers to entry.o(.ARM.Collect$$$$00000000) for __main
    system_stm32f0xx.o(i.SystemCoreClockUpdate) refers to uidiv.o(.text) for __aeabi_uidivmod
    system_stm32f0xx.o(i.SystemCoreClockUpdate) refers to system_stm32f0xx.o(.data) for .data
    system_stm32f0xx.o(i.SystemCoreClockUpdate) refers to system_stm32f0xx.o(.constdata) for .constdata
    lcd.o(i.Gui_DrawFont_GBK16) refers to lcd.o(i.Gui_DrawPoint) for Gui_DrawPoint
    lcd.o(i.Gui_DrawFont_GBK16) refers to strlen.o(.text) for strlen
    lcd.o(i.Gui_DrawFont_GBK16) refers to lcd.o(.constdata) for .constdata
    lcd.o(i.Gui_DrawPoint) refers to lcd.o(i.Lcd_SetRegion) for Lcd_SetRegion
    lcd.o(i.Gui_DrawPoint) refers to lcd.o(i.LCD_WriteData_16Bit) for LCD_WriteData_16Bit
    lcd.o(i.LCD_GPIO_Init) refers to stm32f0xx_hal_gpio.o(i.HAL_GPIO_Init) for HAL_GPIO_Init
    lcd.o(i.LCD_WriteData_16Bit) refers to stm32f0xx_hal_gpio.o(i.HAL_GPIO_WritePin) for HAL_GPIO_WritePin
    lcd.o(i.LCD_WriteData_16Bit) refers to stm32f0xx_hal_spi.o(i.HAL_SPI_Transmit) for HAL_SPI_Transmit
    lcd.o(i.LCD_WriteData_16Bit) refers to spi.o(.bss) for hspi1
    lcd.o(i.Lcd_Clear) refers to lcd.o(i.Lcd_SetRegion) for Lcd_SetRegion
    lcd.o(i.Lcd_Clear) refers to lcd.o(i.Lcd_WriteIndex) for Lcd_WriteIndex
    lcd.o(i.Lcd_Clear) refers to lcd.o(i.LCD_WriteData_16Bit) for LCD_WriteData_16Bit
    lcd.o(i.Lcd_Init) refers to lcd.o(i.LCD_GPIO_Init) for LCD_GPIO_Init
    lcd.o(i.Lcd_Init) refers to stm32f0xx_hal_gpio.o(i.HAL_GPIO_WritePin) for HAL_GPIO_WritePin
    lcd.o(i.Lcd_Init) refers to lcd.o(i.Lcd_WriteIndex) for Lcd_WriteIndex
    lcd.o(i.Lcd_Init) refers to stm32f0xx_hal.o(i.HAL_Delay) for HAL_Delay
    lcd.o(i.Lcd_Init) refers to lcd.o(i.Lcd_WriteData) for Lcd_WriteData
    lcd.o(i.Lcd_SetRegion) refers to lcd.o(i.Lcd_WriteIndex) for Lcd_WriteIndex
    lcd.o(i.Lcd_SetRegion) refers to lcd.o(i.Lcd_WriteData) for Lcd_WriteData
    lcd.o(i.Lcd_WriteData) refers to stm32f0xx_hal_gpio.o(i.HAL_GPIO_WritePin) for HAL_GPIO_WritePin
    lcd.o(i.Lcd_WriteData) refers to stm32f0xx_hal_spi.o(i.HAL_SPI_Transmit) for HAL_SPI_Transmit
    lcd.o(i.Lcd_WriteData) refers to spi.o(.bss) for hspi1
    lcd.o(i.Lcd_WriteIndex) refers to stm32f0xx_hal_gpio.o(i.HAL_GPIO_WritePin) for HAL_GPIO_WritePin
    lcd.o(i.Lcd_WriteIndex) refers to stm32f0xx_hal_spi.o(i.HAL_SPI_Transmit) for HAL_SPI_Transmit
    lcd.o(i.Lcd_WriteIndex) refers to spi.o(.bss) for hspi1
    lcd.o(i.showImage) refers to lcd.o(i.Lcd_SetRegion) for Lcd_SetRegion
    lcd.o(i.showImage) refers to lcd.o(i.Lcd_WriteIndex) for Lcd_WriteIndex
    lcd.o(i.showImage) refers to lcd.o(i.LCD_WriteData_16Bit) for LCD_WriteData_16Bit
    sensor.o(i.sensoring) refers to stm32f0xx_hal.o(i.HAL_GetTick) for HAL_GetTick
    sensor.o(i.sensoring) refers to stm32f0xx_hal_adc.o(i.HAL_ADC_Start) for HAL_ADC_Start
    sensor.o(i.sensoring) refers to stm32f0xx_hal_adc.o(i.HAL_ADC_PollForConversion) for HAL_ADC_PollForConversion
    sensor.o(i.sensoring) refers to stm32f0xx_hal_adc.o(i.HAL_ADC_GetState) for HAL_ADC_GetState
    sensor.o(i.sensoring) refers to stm32f0xx_hal_adc.o(i.HAL_ADC_GetValue) for HAL_ADC_GetValue
    sensor.o(i.sensoring) refers to printf8.o(i.__0sprintf$8) for __2sprintf
    sensor.o(i.sensoring) refers to memcpya.o(.text) for __aeabi_memcpy
    sensor.o(i.sensoring) refers to printf8.o(i.__0printf$8) for __2printf
    sensor.o(i.sensoring) refers to sensor.o(.data) for .data
    sensor.o(i.sensoring) refers to adc.o(.bss) for hadc
    sensor.o(i.sensoring) refers to at4nb.o(.data) for currentIndex
    sensor.o(i.sensoring) refers to at4nb.o(.data) for msgs
[...]
    Removing stm32f0xx_hal_cortex.o(i.HAL_NVIC_ClearPendingIRQ), (24 bytes).
    Removing stm32f0xx_hal_cortex.o(i.HAL_NVIC_DisableIRQ), (32 bytes).
    Removing stm32f0xx_hal_cortex.o(i.HAL_NVIC_GetPendingIRQ), (36 bytes).
    Removing stm32f0xx_hal_cortex.o(i.HAL_NVIC_GetPriority), (60 bytes).
    Removing stm32f0xx_hal_cortex.o(i.HAL_NVIC_SetPendingIRQ), (24 bytes).
    Removing stm32f0xx_hal_cortex.o(i.HAL_NVIC_SystemReset), (28 bytes).
    Removing stm32f0xx_hal_cortex.o(i.HAL_SYSTICK_CLKSourceConfig), (28 bytes).
    Removing stm32f0xx_hal_cortex.o(i.HAL_SYSTICK_Callback), (2 bytes).
    Removing stm32f0xx_hal_cortex.o(i.HAL_SYSTICK_IRQHandler), (8 bytes).
    Removing stm32f0xx_hal_pwr.o(.rev16_text), (4 bytes).
    Removing stm32f0xx_hal_pwr.o(.revsh_text), (4 bytes).
    Removing stm32f0xx_hal_pwr.o(i.HAL_PWR_DeInit), (24 bytes).
    Removing stm32f0xx_hal_pwr.o(i.HAL_PWR_DisableBkUpAccess), (16 bytes).
    Removing stm32f0xx_hal_pwr.o(i.HAL_PWR_DisableSEVOnPend), (16 bytes).
    Removing stm32f0xx_hal_pwr.o(i.HAL_PWR_DisableSleepOnExit), (16 bytes).
    Removing stm32f0xx_hal_pwr.o(i.HAL_PWR_DisableWakeUpPin), (16 bytes).
    Removing stm32f0xx_hal_pwr.o(i.HAL_PWR_EnableBkUpAccess), (16 bytes).
    Removing stm32f0xx_hal_pwr.o(i.HAL_PWR_EnableSEVOnPend), (16 bytes).
    Removing stm32f0xx_hal_pwr.o(i.HAL_PWR_EnableSleepOnExit), (16 bytes).
    Removing stm32f0xx_hal_pwr.o(i.HAL_PWR_EnableWakeUpPin), (16 bytes).
    Removing stm32f0xx_hal_pwr.o(i.HAL_PWR_EnterSLEEPMode), (32 bytes).
    Removing stm32f0xx_hal_pwr.o(i.HAL_PWR_EnterSTANDBYMode), (32 bytes).
    Removing stm32f0xx_hal_pwr.o(i.HAL_PWR_EnterSTOPMode), (52 bytes).
    Removing stm32f0xx_hal_pwr_ex.o(.rev16_text), (4 bytes).
    Removing stm32f0xx_hal_pwr_ex.o(.revsh_text), (4 bytes).
    Removing stm32f0xx_hal_pwr_ex.o(i.HAL_PWR_ConfigPVD), (104 bytes).
    Removing stm32f0xx_hal_pwr_ex.o(i.HAL_PWR_DisablePVD), (16 bytes).
    Removing stm32f0xx_hal_pwr_ex.o(i.HAL_PWR_EnablePVD), (16 bytes).
    Removing stm32f0xx_hal_pwr_ex.o(i.HAL_PWR_PVDCallback), (2 bytes).
    Removing stm32f0xx_hal_pwr_ex.o(i.HAL_PWR_PVD_IRQHandler), (28 bytes).
    Removing stm32f0xx_hal_flash.o(.rev16_text), (4 bytes).
    Removing stm32f0xx_hal_flash.o(.revsh_text), (4 bytes).
    Removing stm32f0xx_hal_flash.o(i.FLASH_Program_HalfWord), (32 bytes).
    Removing stm32f0xx_hal_flash.o(i.FLASH_SetErrorCode), (56 bytes).
    Removing stm32f0xx_hal_flash.o(i.FLASH_WaitForLastOperation), (84 bytes).
    Removing stm32f0xx_hal_flash.o(i.HAL_FLASH_EndOfOperationCallback), (2 bytes).
    Removing stm32f0xx_hal_flash.o(i.HAL_FLASH_GetError), (12 bytes).
    Removing stm32f0xx_hal_flash.o(i.HAL_FLASH_IRQHandler), (280 bytes).
    Removing stm32f0xx_hal_flash.o(i.HAL_FLASH_Lock), (20 bytes).
    Removing stm32f0xx_hal_flash.o(i.HAL_FLASH_OB_Launch), (32 bytes).
    Removing stm32f0xx_hal_flash.o(i.HAL_FLASH_OB_Lock), (20 bytes).
    Removing stm32f0xx_hal_flash.o(i.HAL_FLASH_OB_Unlock), (36 bytes).
    Removing stm32f0xx_hal_flash.o(i.HAL_FLASH_OperationErrorCallback), (2 bytes).
    Removing stm32f0xx_hal_flash.o(i.HAL_FLASH_Program), (140 bytes).
    Removing stm32f0xx_hal_flash.o(i.HAL_FLASH_Program_IT), (96 bytes).
    Removing stm32f0xx_hal_flash.o(i.HAL_FLASH_Unlock), (40 bytes).
    Removing stm32f0xx_hal_flash.o(.bss), (32 bytes).
    Removing stm32f0xx_hal_flash_ex.o(.rev16_text), (4 bytes).
    Removing stm32f0xx_hal_flash_ex.o(.revsh_text), (4 bytes).
    Removing stm32f0xx_hal_flash_ex.o(i.FLASH_MassErase), (36 bytes).
    Removing stm32f0xx_hal_flash_ex.o(i.FLASH_OB_DisableWRP), (112 bytes).
    Removing stm32f0xx_hal_flash_ex.o(i.FLASH_OB_EnableWRP), (112 bytes).
    Removing stm32f0xx_hal_flash_ex.o(i.FLASH_OB_GetRDP), (32 bytes).
    Removing stm32f0xx_hal_flash_ex.o(i.FLASH_OB_GetUser), (16 bytes).
    Removing stm32f0xx_hal_flash_ex.o(i.FLASH_OB_GetWRP), (12 bytes).
    Removing stm32f0xx_hal_flash_ex.o(i.FLASH_OB_ProgramData), (60 bytes).
    Removing stm32f0xx_hal_flash_ex.o(i.FLASH_OB_RDP_LevelConfig), (96 bytes).
    Removing stm32f0xx_hal_flash_ex.o(i.FLASH_OB_UserConfig), (68 bytes).
    Removing stm32f0xx_hal_flash_ex.o(i.FLASH_PageErase), (36 bytes).
    Removing stm32f0xx_hal_flash_ex.o(i.HAL_FLASHEx_Erase), (168 bytes).
    Removing stm32f0xx_hal_flash_ex.o(i.HAL_FLASHEx_Erase_IT), (88 bytes).
    Removing stm32f0xx_hal_flash_ex.o(i.HAL_FLASHEx_OBErase), (80 bytes).
    Removing stm32f0xx_hal_flash_ex.o(i.HAL_FLASHEx_OBGetConfig), (28 bytes).
    Removing stm32f0xx_hal_flash_ex.o(i.HAL_FLASHEx_OBGetUserData), (32 bytes).
    Removing stm32f0xx_hal_flash_ex.o(i.HAL_FLASHEx_OBProgram), (132 bytes).
    Removing stm32f0xx_hal_exti.o(.rev16_text), (4 bytes).
    Removing stm32f0xx_hal_exti.o(.revsh_text), (4 bytes).
    Removing stm32f0xx_hal_exti.o(i.HAL_EXTI_ClearConfigLine), (104 bytes).
    Removing stm32f0xx_hal_exti.o(i.HAL_EXTI_ClearPending), (20 bytes).
    Removing stm32f0xx_hal_exti.o(i.HAL_EXTI_GenerateSWI), (20 bytes).
    Removing stm32f0xx_hal_exti.o(i.HAL_EXTI_GetConfigLine), (156 bytes).
    Removing stm32f0xx_hal_exti.o(i.HAL_EXTI_GetHandle), (14 bytes).
    Removing stm32f0xx_hal_exti.o(i.HAL_EXTI_GetPending), (24 bytes).
    Removing stm32f0xx_hal_exti.o(i.HAL_EXTI_IRQHandler), (36 bytes).
    Removing stm32f0xx_hal_exti.o(i.HAL_EXTI_RegisterCallback), (16 bytes).
    Removing stm32f0xx_hal_exti.o(i.HAL_EXTI_SetConfigLine), (168 bytes).
    Removing stm32f0xx_hal_spi.o(.rev16_text), (4 bytes).
    Removing stm32f0xx_hal_spi.o(.revsh_text), (4 bytes).
    Removing stm32f0xx_hal_spi.o(i.HAL_SPI_Abort), (380 bytes).
    Removing stm32f0xx_hal_spi.o(i.HAL_SPI_AbortCpltCallback), (2 bytes).
    Removing stm32f0xx_hal_spi.o(i.HAL_SPI_Abort_IT), (320 bytes).
    Removing stm32f0xx_hal_spi.o(i.HAL_SPI_DMAPause), (34 bytes).
    Removing stm32f0xx_hal_spi.o(i.HAL_SPI_DMAResume), (34 bytes).
    Removing stm32f0xx_hal_spi.o(i.HAL_SPI_DMAStop), (72 bytes).
    Removing stm32f0xx_hal_spi.o(i.HAL_SPI_DeInit), (46 bytes).
    Removing stm32f0xx_hal_spi.o(i.HAL_SPI_ErrorCallback), (2 bytes).
    Removing stm32f0xx_hal_spi.o(i.HAL_SPI_GetError), (4 bytes).
    Removing stm32f0xx_hal_spi.o(i.HAL_SPI_GetState), (6 bytes).
    Removing stm32f0xx_hal_spi.o(i.HAL_SPI_IRQHandler), (252 bytes).
    Removing stm32f0xx_hal_spi.o(i.HAL_SPI_MspDeInit), (2 bytes).
    Removing stm32f0xx_hal_spi.o(i.HAL_SPI_MspInit), (2 bytes).
    Removing stm32f0xx_hal_spi.o(i.HAL_SPI_Receive), (386 bytes).
    Removing stm32f0xx_hal_spi.o(i.HAL_SPI_Receive_DMA), (360 bytes).
    Removing stm32f0xx_hal_spi.o(i.HAL_SPI_Receive_IT), (200 bytes).
    Removing stm32f0xx_hal_spi.o(i.HAL_SPI_RxCpltCallback), (2 bytes).
    Removing stm32f0xx_hal_spi.o(i.HAL_SPI_RxHalfCpltCallback), (2 bytes).
    Removing stm32f0xx_hal_spi.o(i.HAL_SPI_TransmitReceive), (516 bytes).
    Removing stm32f0xx_hal_spi.o(i.HAL_SPI_TransmitReceive_DMA), (492 bytes).
    Removing stm32f0xx_hal_spi.o(i.HAL_SPI_TransmitReceive_IT), (212 bytes).
    Removing stm32f0xx_hal_spi.o(i.HAL_SPI_Transmit_DMA), (280 bytes).
    Removing stm32f0xx_hal_spi.o(i.HAL_SPI_Transmit_IT), (160 bytes).
    Removing stm32f0xx_hal_spi.o(i.HAL_SPI_TxCpltCallback), (2 bytes).
    Removing stm32f0xx_hal_spi.o(i.HAL_SPI_TxHalfCpltCallback), (2 bytes).
    Removing stm32f0xx_hal_spi.o(i.HAL_SPI_TxRxCpltCallback), (2 bytes).
    Removing stm32f0xx_hal_spi.o(i.HAL_SPI_TxRxHalfCpltCallback), (2 bytes).
    Removing stm32f0xx_hal_spi.o(i.SPI_2linesRxISR_16BIT), (54 bytes).
    Removing stm32f0xx_hal_spi.o(i.SPI_2linesRxISR_8BIT), (96 bytes).
    Removing stm32f0xx_hal_spi.o(i.SPI_2linesTxISR_16BIT), (52 bytes).
    Removing stm32f0xx_hal_spi.o(i.SPI_2linesTxISR_8BIT), (76 bytes).
    Removing stm32f0xx_hal_spi.o(i.SPI_AbortRx_ISR), (136 bytes).
    Removing stm32f0xx_hal_spi.o(i.SPI_AbortTx_ISR), (228 bytes).
    Removing stm32f0xx_hal_spi.o(i.SPI_CloseRxTx_ISR), (86 bytes).
    Removing stm32f0xx_hal_spi.o(i.SPI_CloseRx_ISR), (68 bytes).
    Removing stm32f0xx_hal_spi.o(i.SPI_CloseTx_ISR), (82 bytes).
    Removing stm32f0xx_hal_spi.o(i.SPI_DMAAbortOnError), (18 bytes).
    Removing stm32f0xx_hal_spi.o(i.SPI_DMAError), (34 bytes).
    Removing stm32f0xx_hal_spi.o(i.SPI_DMAHalfReceiveCplt), (10 bytes).
    Removing stm32f0xx_hal_spi.o(i.SPI_DMAHalfTransmitCplt), (10 bytes).
    Removing stm32f0xx_hal_spi.o(i.SPI_DMAHalfTransmitReceiveCplt), (10 bytes).
    Removing stm32f0xx_hal_spi.o(i.SPI_DMAReceiveCplt), (114 bytes).
    Removing stm32f0xx_hal_spi.o(i.SPI_DMARxAbortCallback), (134 bytes).
    Removing stm32f0xx_hal_spi.o(i.SPI_DMATransmitCplt), (104 bytes).
    Removing stm32f0xx_hal_spi.o(i.SPI_DMATransmitReceiveCplt), (94 bytes).
    Removing stm32f0xx_hal_spi.o(i.SPI_DMATxAbortCallback), (130 bytes).
    Removing stm32f0xx_hal_spi.o(i.SPI_EndRxTransaction), (136 bytes).
    Removing stm32f0xx_hal_spi.o(i.SPI_RxISR_16BIT), (38 bytes).
    Removing stm32f0xx_hal_spi.o(i.SPI_RxISR_8BIT), (38 bytes).
    Removing stm32f0xx_hal_spi.o(i.SPI_TxISR_16BIT), (34 bytes).
    Removing stm32f0xx_hal_spi.o(i.SPI_TxISR_8BIT), (34 bytes).
    Removing stm32f0xx_hal_spi_ex.o(.rev16_text), (4 bytes).
    Removing stm32f0xx_hal_spi_ex.o(.revsh_text), (4 bytes).
    Removing stm32f0xx_hal_spi_ex.o(i.HAL_SPIEx_FlushRxFifo), (46 bytes).
    Removing stm32f0xx_hal_tim.o(.rev16_text), (4 bytes).
    Removing stm32f0xx_hal_tim.o(.revsh_text), (4 bytes).
    Removing stm32f0xx_hal_tim_ex.o(.rev16_text), (4 bytes).
    Removing stm32f0xx_hal_tim_ex.o(.revsh_text), (4 bytes).
    Removing stm32f0xx_hal_uart.o(.rev16_text), (4 bytes).
    Removing stm32f0xx_hal_uart.o(.revsh_text), (4 bytes).
    Removing stm32f0xx_hal_uart.o(i.HAL_HalfDuplex_EnableReceiver), (58 bytes).
    Removing stm32f0xx_hal_uart.o(i.HAL_HalfDuplex_EnableTransmitter), (58 bytes).
    Removing stm32f0xx_hal_uart.o(i.HAL_HalfDuplex_Init), (122 bytes).
    Removing stm32f0xx_hal_uart.o(i.HAL_LIN_Init), (160 bytes).
    Removing stm32f0xx_hal_uart.o(i.HAL_LIN_SendBreak), (48 bytes).
    Removing stm32f0xx_hal_uart.o(i.HAL_MultiProcessor_DisableMuteMode), (46 bytes).
    Removing stm32f0xx_hal_uart.o(i.HAL_MultiProcessor_EnableMuteMode), (46 bytes).
    Removing stm32f0xx_hal_uart.o(i.HAL_MultiProcessor_EnterMuteMode), (12 bytes).
    Removing stm32f0xx_hal_uart.o(i.HAL_MultiProcessor_Init), (148 bytes).
    Removing stm32f0xx_hal_uart.o(i.HAL_UART_Abort), (188 bytes).
    Removing stm32f0xx_hal_uart.o(i.HAL_UART_AbortCpltCallback), (2 bytes).
    Removing stm32f0xx_hal_uart.o(i.HAL_UART_AbortReceive), (128 bytes).
    Removing stm32f0xx_hal_uart.o(i.HAL_UART_AbortReceiveCpltCallback), (2 bytes).
    Removing stm32f0xx_hal_uart.o(i.HAL_UART_AbortReceive_IT), (152 bytes).
    Removing stm32f0xx_hal_uart.o(i.HAL_UART_AbortTransmit), (84 bytes).
    Removing stm32f0xx_hal_uart.o(i.HAL_UART_AbortTransmitCpltCallback), (2 bytes).
    Removing stm32f0xx_hal_uart.o(i.HAL_UART_AbortTransmit_IT), (104 bytes).
    Removing stm32f0xx_hal_uart.o(i.HAL_UART_Abort_IT), (228 bytes).
    Removing stm32f0xx_hal_uart.o(i.HAL_UART_DMAPause), (98 bytes).
    Removing stm32f0xx_hal_uart.o(i.HAL_UART_DMAResume), (90 bytes).
    Removing stm32f0xx_hal_uart.o(i.HAL_UART_DeInit), (64 bytes).
    Removing stm32f0xx_hal_uart.o(i.HAL_UART_DisableReceiverTimeout), (62 bytes).
    Removing stm32f0xx_hal_uart.o(i.HAL_UART_EnableReceiverTimeout), (62 bytes).
    Removing stm32f0xx_hal_uart.o(i.HAL_UART_GetError), (6 bytes).
    Removing stm32f0xx_hal_uart.o(i.HAL_UART_GetState), (8 bytes).
    Removing stm32f0xx_hal_uart.o(i.HAL_UART_MspDeInit), (2 bytes).
    Removing stm32f0xx_hal_uart.o(i.HAL_UART_MspInit), (2 bytes).
    Removing stm32f0xx_hal_uart.o(i.HAL_UART_Receive), (288 bytes).
    Removing stm32f0xx_hal_uart.o(i.HAL_UART_Receive_IT), (96 bytes).
    Removing stm32f0xx_hal_uart.o(i.HAL_UART_ReceiverTimeout_Config), (14 bytes).
    Removing stm32f0xx_hal_uart.o(i.HAL_UART_Transmit_DMA), (188 bytes).
    Removing stm32f0xx_hal_uart.o(i.HAL_UART_Transmit_IT), (144 bytes).
    Removing stm32f0xx_hal_uart.o(i.HAL_UART_TxHalfCpltCallback), (2 bytes).
    Removing stm32f0xx_hal_uart.o(i.UART_DMARxAbortCallback), (64 bytes).
    Removing stm32f0xx_hal_uart.o(i.UART_DMARxOnlyAbortCallback), (38 bytes).
    Removing stm32f0xx_hal_uart.o(i.UART_DMATransmitCplt), (46 bytes).
    Removing stm32f0xx_hal_uart.o(i.UART_DMATxAbortCallback), (54 bytes).
    Removing stm32f0xx_hal_uart.o(i.UART_DMATxHalfCplt), (10 bytes).
    Removing stm32f0xx_hal_uart.o(i.UART_DMATxOnlyAbortCallback), (20 bytes).
    Removing stm32f0xx_hal_uart.o(i.UART_RxISR_16BIT), (120 bytes).
    Removing stm32f0xx_hal_uart.o(i.UART_RxISR_8BIT), (120 bytes).
    Removing stm32f0xx_hal_uart.o(i.UART_Start_Receive_IT), (140 bytes).
    Removing stm32f0xx_hal_uart.o(i.UART_TxISR_16BIT), (64 bytes).
    Removing stm32f0xx_hal_uart.o(i.UART_TxISR_8BIT), (60 bytes).
    Removing stm32f0xx_hal_uart_ex.o(.rev16_text), (4 bytes).
    Removing stm32f0xx_hal_uart_ex.o(.revsh_text), (4 bytes).
    Removing stm32f0xx_hal_uart_ex.o(i.HAL_MultiProcessorEx_AddressLength_Set), (52 bytes).
    Removing stm32f0xx_hal_uart_ex.o(i.HAL_RS485Ex_Init), (144 bytes).
    Removing stm32f0xx_hal_uart_ex.o(i.HAL_UARTEx_DisableStopMode), (34 bytes).
    Removing stm32f0xx_hal_uart_ex.o(i.HAL_UARTEx_EnableStopMode), (34 bytes).
    Removing stm32f0xx_hal_uart_ex.o(i.HAL_UARTEx_ReceiveToIdle), (364 bytes).
    Removing stm32f0xx_hal_uart_ex.o(i.HAL_UARTEx_ReceiveToIdle_DMA), (114 bytes).
    Removing stm32f0xx_hal_uart_ex.o(i.HAL_UARTEx_ReceiveToIdle_IT), (114 bytes).
    Removing stm32f0xx_hal_uart_ex.o(i.HAL_UARTEx_StopModeWakeUpSourceConfig), (132 bytes).
    Removing stm32f0xx_hal_uart_ex.o(i.UARTEx_Wakeup_AddressConfig), (40 bytes).
    Removing dadd.o(.text), (356 bytes).
    Removing dmul.o(.text), (208 bytes).
    Removing ddiv.o(.text), (240 bytes).
    Removing dfixul.o(.text), (64 bytes).
    Removing cdrcmple.o(.text), (40 bytes).
    Removing depilogue.o(.text), (190 bytes).
    Removing depilogue.o(i.__ARM_clz), (46 bytes).

399 unused section(s) (total 33687 bytes) removed from the image.

==============================================================================

Image Symbol Table

    Local Symbols

    Symbol Name                              Value     Ov Type        Size  Object(Section)

    ../Drivers/STM32F0xx_HAL_Driver/Src/stm32f0xx_hal.c 0x00000000   Number         0  stm32f0xx_hal.o ABSOLUTE
    ../Drivers/STM32F0xx_HAL_Driver/Src/stm32f0xx_hal_adc.c 0x00000000   Number         0  stm32f0xx_hal_adc.o ABSOLUTE
    ../Drivers/STM32F0xx_HAL_Driver/Src/stm32f0xx_hal_adc_ex.c 0x00000000   Number         0  stm32f0xx_hal_adc_ex.o ABSOLUTE
    ../Drivers/STM32F0xx_HAL_Driver/Src/stm32f0xx_hal_cortex.c 0x00000000   Number         0  stm32f0xx_hal_cortex.o ABSOLUTE
    ../Drivers/STM32F0xx_HAL_Driver/Src/stm32f0xx_hal_dma.c 0x00000000   Number         0  stm32f0xx_hal_dma.o ABSOLUTE
    ../Drivers/STM32F0xx_HAL_Driver/Src/stm32f0xx_hal_exti.c 0x00000000   Number         0  stm32f0xx_hal_exti.o ABSOLUTE
    ../Drivers/STM32F0xx_HAL_Driver/Src/stm32f0xx_hal_flash.c 0x00000000   Number         0  stm32f0xx_hal_flash.o ABSOLUTE
    ../Drivers/STM32F0xx_HAL_Driver/Src/stm32f0xx_hal_flash_ex.c 0x00000000   Number         0  stm32f0xx_hal_flash_ex.o ABSOLUTE
    ../Drivers/STM32F0xx_HAL_Driver/Src/stm32f0xx_hal_gpio.c 0x00000000   Number         0  stm32f0xx_hal_gpio.o ABSOLUTE
    ../Drivers/STM32F0xx_HAL_Driver/Src/stm32f0xx_hal_i2c.c 0x00000000   Number         0  stm32f0xx_hal_i2c.o ABSOLUTE
    ../Drivers/STM32F0xx_HAL_Driver/Src/stm32f0xx_hal_i2c_ex.c 0x00000000   Number         0  stm32f0xx_hal_i2c_ex.o ABSOLUTE
    ../Drivers/STM32F0xx_HAL_Driver/Src/stm32f0xx_hal_pwr.c 0x00000000   Number         0  stm32f0xx_hal_pwr.o ABSOLUTE
    ../Drivers/STM32F0xx_HAL_Driver/Src/stm32f0xx_hal_pwr_ex.c 0x00000000   Number         0  stm32f0xx_hal_pwr_ex.o ABSOLUTE
    ../Drivers/STM32F0xx_HAL_Driver/Src/stm32f0xx_hal_rcc.c 0x00000000   Number         0  stm32f0xx_hal_rcc.o ABSOLUTE
    ../Drivers/STM32F0xx_HAL_Driver/Src/stm32f0xx_hal_rcc_ex.c 0x00000000   Number         0  stm32f0xx_hal_rcc_ex.o ABSOLUTE
    ../Drivers/STM32F0xx_HAL_Driver/Src/stm32f0xx_hal_spi.c 0x00000000   Number         0  stm32f0xx_hal_spi.o ABSOLUTE
    ../Drivers/STM32F0xx_HAL_Driver/Src/stm32f0xx_hal_spi_ex.c 0x00000000   Number         0  stm32f0xx_hal_spi_ex.o ABSOLUTE
    ../Drivers/STM32F0xx_HAL_Driver/Src/stm32f0xx_hal_tim.c 0x00000000   Number         0  stm32f0xx_hal_tim.o ABSOLUTE
    ../Drivers/STM32F0xx_HAL_Driver/Src/stm32f0xx_hal_tim_ex.c 0x00000000   Number         0  stm32f0xx_hal_tim_ex.o ABSOLUTE
    ../Drivers/STM32F0xx_HAL_Driver/Src/stm32f0xx_hal_uart.c 0x00000000   Number         0  stm32f0xx_hal_uart.o ABSOLUTE
    ../Drivers/STM32F0xx_HAL_Driver/Src/stm32f0xx_hal_uart_ex.c 0x00000000   Number         0  stm32f0xx_hal_uart_ex.o ABSOLUTE
    ../Src/adc.c                             0x00000000   Number         0  adc.o ABSOLUTE
    ../Src/dma.c                             0x00000000   Number         0  dma.o ABSOLUTE
    ../Src/gpio.c                            0x00000000   Number         0  gpio.o ABSOLUTE
    ../Src/main.c                            0x00000000   Number         0  main.o ABSOLUTE
    ../Src/spi.c                             0x00000000   Number         0  spi.o ABSOLUTE
    ../Src/stm32f0xx_hal_msp.c               0x00000000   Number         0  stm32f0xx_hal_msp.o ABSOLUTE
    ../Src/stm32f0xx_it.c                    0x00000000   Number         0  stm32f0xx_it.o ABSOLUTE
    ../Src/system_stm32f0xx.c                0x00000000   Number         0  system_stm32f0xx.o ABSOLUTE
    ../Src/usart.c                           0x00000000   Number         0  usart.o ABSOLUTE
    ../clib/../cmprslib/zerorunl2.c          0x00000000   Number         0  __dczerorl2.o ABSOLUTE
    ../clib/microlib/ctype/ctype.c           0x00000000   Number         0  ctype_c.o ABSOLUTE
    ../clib/microlib/ctype/ctype.c           0x00000000   Number         0  isspace_c.o ABSOLUTE
    ../clib/microlib/division.c              0x00000000   Number         0  uldiv.o ABSOLUTE
    ../clib/microlib/division.c              0x00000000   Number         0  uidiv.o ABSOLUTE
    ../clib/microlib/init/entry.s            0x00000000   Number         0  entry.o ABSOLUTE
    ../clib/microlib/init/entry.s            0x00000000   Number         0  entry11b.o ABSOLUTE
    ../clib/microlib/init/entry.s            0x00000000   Number         0  entry11a.o ABSOLUTE
    ../clib/microlib/init/entry.s            0x00000000   Number         0  entry10a.o ABSOLUTE
    ../clib/microlib/init/entry.s            0x00000000   Number         0  entry9b.o ABSOLUTE
    ../clib/microlib/init/entry.s            0x00000000   Number         0  entry9a.o ABSOLUTE
    ../clib/microlib/init/entry.s            0x00000000   Number         0  entry8b.o ABSOLUTE
    ../clib/microlib/init/entry.s            0x00000000   Number         0  entry8a.o ABSOLUTE
    ../clib/microlib/init/entry.s            0x00000000   Number         0  entry7b.o ABSOLUTE
    ../clib/microlib/init/entry.s            0x00000000   Number         0  entry7a.o ABSOLUTE
    ../clib/microlib/init/entry.s            0x00000000   Number         0  entry5.o ABSOLUTE
    ../clib/microlib/init/entry.s            0x00000000   Number         0  entry2.o ABSOLUTE
    ../clib/microlib/init/entry.s            0x00000000   Number         0  entry10b.o ABSOLUTE
    ../clib/microlib/longlong.c              0x00000000   Number         0  llsshr.o ABSOLUTE
    ../clib/microlib/longlong.c              0x00000000   Number         0  llshl.o ABSOLUTE
    ../clib/microlib/longlong.c              0x00000000   Number         0  llushr.o ABSOLUTE
    ../clib/microlib/printf/printf.c         0x00000000   Number         0  printf0.o ABSOLUTE
    ../clib/microlib/printf/printf.c         0x00000000   Number         0  printf1.o ABSOLUTE
    ../clib/microlib/printf/printf.c         0x00000000   Number         0  printf2.o ABSOLUTE
    ../clib/microlib/printf/printf.c         0x00000000   Number         0  printf3.o ABSOLUTE
    ../clib/microlib/printf/printf.c         0x00000000   Number         0  printf4.o ABSOLUTE
    ../clib/microlib/printf/printf.c         0x00000000   Number         0  printf6.o ABSOLUTE
    ../clib/microlib/printf/printf.c         0x00000000   Number         0  printf7.o ABSOLUTE
    ../clib/microlib/printf/printf.c         0x00000000   Number         0  printf8.o ABSOLUTE
    ../clib/microlib/printf/printf.c         0x00000000   Number         0  printfa.o ABSOLUTE
    ../clib/microlib/printf/printf.c         0x00000000   Number         0  printf5.o ABSOLUTE
    ../clib/microlib/printf/printf.c         0x00000000   Number         0  printfb.o ABSOLUTE
    ../clib/microlib/printf/stubs.s          0x00000000   Number         0  stubs.o ABSOLUTE
    ../clib/microlib/stdio/streams.c         0x00000000   Number         0  stdout.o ABSOLUTE
    ../clib/microlib/string/memcpy.c         0x00000000   Number         0  memcpyb.o ABSOLUTE
    ../clib/microlib/string/memcpy.c         0x00000000   Number         0  memcpya.o ABSOLUTE
    ../clib/microlib/string/memset.c         0x00000000   Number         0  memseta.o ABSOLUTE
    ../clib/microlib/string/strlen.c         0x00000000   Number         0  strlen.o ABSOLUTE
    ../clib/microlib/string/strstr.c         0x00000000   Number         0  strstr.o ABSOLUTE
    ../clib/microlib/stubs.s                 0x00000000   Number         0  iusefp.o ABSOLUTE
    ../clib/scanf.c                          0x00000000   Number         0  _scanf_int.o ABSOLUTE
    ../clib/scanf.c                          0x00000000   Number         0  __0sscanf.o ABSOLUTE
    ../clib/scanf.c                          0x00000000   Number         0  _scanf.o ABSOLUTE
    ../clib/scanf.c                          0x00000000   Number         0  _chval.o ABSOLUTE
    ../clib/scanf.c                          0x00000000   Number         0  _sgetc.o ABSOLUTE
    ../clib/scanf.c                          0x00000000   Number         0  scanf_char.o ABSOLUTE
    ../fplib/microlib/fpadd.c                0x00000000   Number         0  dadd.o ABSOLUTE
    ../fplib/microlib/fpdiv.c                0x00000000   Number         0  ddiv.o ABSOLUTE
    ../fplib/microlib/fpepilogue.c           0x00000000   Number         0  depilogue.o ABSOLUTE
    ../fplib/microlib/fpfix.c                0x00000000   Number         0  dfixul.o ABSOLUTE
    ../fplib/microlib/fpmul.c                0x00000000   Number         0  dmul.o ABSOLUTE
    ..\Drivers\STM32F0xx_HAL_Driver\Src\stm32f0xx_hal.c 0x00000000   Number         0  stm32f0xx_hal.o ABSOLUTE
    ..\Drivers\STM32F0xx_HAL_Driver\Src\stm32f0xx_hal_adc.c 0x00000000   Number         0  stm32f0xx_hal_adc.o ABSOLUTE
    ..\Drivers\STM32F0xx_HAL_Driver\Src\stm32f0xx_hal_adc_ex.c 0x00000000   Number         0  stm32f0xx_hal_adc_ex.o ABSOLUTE
    ..\Drivers\STM32F0xx_HAL_Driver\Src\stm32f0xx_hal_cortex.c 0x00000000   Number         0  stm32f0xx_hal_cortex.o ABSOLUTE
    ..\Drivers\STM32F0xx_HAL_Driver\Src\stm32f0xx_hal_dma.c 0x00000000   Number         0  stm32f0xx_hal_dma.o ABSOLUTE
    ..\Drivers\STM32F0xx_HAL_Driver\Src\stm32f0xx_hal_exti.c 0x00000000   Number         0  stm32f0xx_hal_exti.o ABSOLUTE
    ..\Drivers\STM32F0xx_HAL_Driver\Src\stm32f0xx_hal_flash.c 0x00000000   Number         0  stm32f0xx_hal_flash.o ABSOLUTE
    ..\Drivers\STM32F0xx_HAL_Driver\Src\stm32f0xx_hal_flash_ex.c 0x00000000   Number         0  stm32f0xx_hal_flash_ex.o ABSOLUTE
    ..\Drivers\STM32F0xx_HAL_Driver\Src\stm32f0xx_hal_gpio.c 0x00000000   Number         0  stm32f0xx_hal_gpio.o ABSOLUTE
    ..\Drivers\STM32F0xx_HAL_Driver\Src\stm32f0xx_hal_i2c.c 0x00000000   Number         0  stm32f0xx_hal_i2c.o ABSOLUTE
    ..\Drivers\STM32F0xx_HAL_Driver\Src\stm32f0xx_hal_i2c_ex.c 0x00000000   Number         0  stm32f0xx_hal_i2c_ex.o ABSOLUTE
    ..\Drivers\STM32F0xx_HAL_Driver\Src\stm32f0xx_hal_pwr.c 0x00000000   Number         0  stm32f0xx_hal_pwr.o ABSOLUTE
    ..\Drivers\STM32F0xx_HAL_Driver\Src\stm32f0xx_hal_pwr_ex.c 0x00000000   Number         0  stm32f0xx_hal_pwr_ex.o ABSOLUTE
    ..\Drivers\STM32F0xx_HAL_Driver\Src\stm32f0xx_hal_rcc.c 0x00000000   Number         0  stm32f0xx_hal_rcc.o ABSOLUTE
    ..\Drivers\STM32F0xx_HAL_Driver\Src\stm32f0xx_hal_rcc_ex.c 0x00000000   Number         0  stm32f0xx_hal_rcc_ex.o ABSOLUTE
    ..\Drivers\STM32F0xx_HAL_Driver\Src\stm32f0xx_hal_spi.c 0x00000000   Number         0  stm32f0xx_hal_spi.o ABSOLUTE
    ..\Drivers\STM32F0xx_HAL_Driver\Src\stm32f0xx_hal_spi_ex.c 0x00000000   Number         0  stm32f0xx_hal_spi_ex.o ABSOLUTE
    ..\Drivers\STM32F0xx_HAL_Driver\Src\stm32f0xx_hal_tim.c 0x00000000   Number         0  stm32f0xx_hal_tim.o ABSOLUTE
    ..\Drivers\STM32F0xx_HAL_Driver\Src\stm32f0xx_hal_tim_ex.c 0x00000000   Number         0  stm32f0xx_hal_tim_ex.o ABSOLUTE
    ..\Drivers\STM32F0xx_HAL_Driver\Src\stm32f0xx_hal_uart.c 0x00000000   Number         0  stm32f0xx_hal_uart.o ABSOLUTE
    ..\Drivers\STM32F0xx_HAL_Driver\Src\stm32f0xx_hal_uart_ex.c 0x00000000   Number         0  stm32f0xx_hal_uart_ex.o ABSOLUTE
    ..\Src\adc.c                             0x00000000   Number         0  adc.o ABSOLUTE
    ..\Src\at4nb.c                           0x00000000   Number         0  at4nb.o ABSOLUTE
    ..\Src\dma.c                             0x00000000   Number         0  dma.o ABSOLUTE
    ..\Src\gpio.c                            0x00000000   Number         0  gpio.o ABSOLUTE
    ..\Src\lcd.c                             0x00000000   Number         0  lcd.o ABSOLUTE
    ..\Src\main.c                            0x00000000   Number         0  main.o ABSOLUTE
    ..\Src\sensor.c                          0x00000000   Number         0  sensor.o ABSOLUTE
    ..\Src\spi.c                             0x00000000   Number         0  spi.o ABSOLUTE
    ..\Src\stm32f0xx_hal_msp.c               0x00000000   Number         0  stm32f0xx_hal_msp.o ABSOLUTE
    ..\Src\stm32f0xx_it.c                    0x00000000   Number         0  stm32f0xx_it.o ABSOLUTE
    ..\Src\system_stm32f0xx.c                0x00000000   Number         0  system_stm32f0xx.o ABSOLUTE
    ..\Src\usart.c                           0x00000000   Number         0  usart.o ABSOLUTE
    ..\\Src\\at4nb.c                         0x00000000   Number         0  at4nb.o ABSOLUTE
    ..\\Src\\lcd.c                           0x00000000   Number         0  lcd.o ABSOLUTE
    ..\\Src\\sensor.c                        0x00000000   Number         0  sensor.o ABSOLUTE
    cdrcmple.s                               0x00000000   Number         0  cdrcmple.o ABSOLUTE
    dc.s                                     0x00000000   Number         0  dc.o ABSOLUTE
    handlers.s                               0x00000000   Number         0  handlers.o ABSOLUTE
    init.s                                   0x00000000   Number         0  init.o ABSOLUTE
    startup_stm32f051x8.s                    0x00000000   Number         0  startup_stm32f051x8.o ABSOLUTE
    RESET                                    0x08000000   Section      188  startup_stm32f051x8.o(RESET)
    .ARM.Collect$$$$00000000                 0x080000bc   Section        0  entry.o(.ARM.Collect$$$$00000000)
    .ARM.Collect$$$$00000001                 0x080000bc   Section        4  entry2.o(.ARM.Collect$$$$00000001)
    .ARM.Collect$$$$00000004                 0x080000c0   Section        4  entry5.o(.ARM.Collect$$$$00000004)
    .ARM.Collect$$$$00000008                 0x080000c4   Section        0  entry7b.o(.ARM.Collect$$$$00000008)
    .ARM.Collect$$$$0000000A                 0x080000c4   Section        0  entry8b.o(.ARM.Collect$$$$0000000A)
    .ARM.Collect$$$$0000000B                 0x080000c4   Section        8  entry9a.o(.ARM.Collect$$$$0000000B)
    .ARM.Collect$$$$0000000D                 0x080000cc   Section        0  entry10a.o(.ARM.Collect$$$$0000000D)
    .ARM.Collect$$$$0000000F                 0x080000cc   Section        0  entry11a.o(.ARM.Collect$$$$0000000F)
    .ARM.Collect$$$$00002712                 0x080000cc   Section        4  entry2.o(.ARM.Collect$$$$00002712)
    __lit__00000000                          0x080000cc   Data           4  entry2.o(.ARM.Collect$$$$00002712)
    .text                                    0x080000d0   Section       28  startup_stm32f051x8.o(.text)
    .text                                    0x080000ec   Section        0  uidiv.o(.text)
    .text                                    0x08000118   Section        0  uldiv.o(.text)
    .text                                    0x08000178   Section        0  llushr.o(.text)
    .text                                    0x0800019a   Section        0  memcpya.o(.text)
    .text                                    0x080001be   Section        0  memseta.o(.text)
    .text                                    0x080001e2   Section        0  strstr.o(.text)
    .text                                    0x0800020a   Section        0  strlen.o(.text)
    .text                                    0x08000218   Section        0  __0sscanf.o(.text)
    .text                                    0x08000254   Section        0  _scanf_int.o(.text)
    .text                                    0x0800039e   Section        0  llshl.o(.text)
    .text                                    0x080003be   Section        0  _chval.o(.text)
    .text                                    0x080003dc   Section        0  scanf_char.o(.text)
    _scanf_char_input                        0x080003dd   Thumb Code    12  scanf_char.o(.text)
    .text                                    0x08000408   Section        0  _sgetc.o(.text)
    .text                                    0x0800044c   Section       36  init.o(.text)
    .text                                    0x08000470   Section        0  isspace_c.o(.text)
    .text                                    0x08000480   Section        0  _scanf.o(.text)
    .text                                    0x080007b8   Section        0  ctype_c.o(.text)
    .text                                    0x080007dc   Section        0  __dczerorl2.o(.text)
    i.ADC_Enable                             0x08000834   Section        0  stm32f0xx_hal_adc.o(i.ADC_Enable)
    ADC_Enable                               0x08000835   Thumb Code   154  stm32f0xx_hal_adc.o(i.ADC_Enable)
    i.DMA1_Channel4_5_IRQHandler             0x080008dc   Section        0  stm32f0xx_it.o(i.DMA1_Channel4_5_IRQHandler)
    i.DMA_CalcBaseAndBitshift                0x080008ec   Section        0  stm32f0xx_hal_dma.o(i.DMA_CalcBaseAndBitshift)
    DMA_CalcBaseAndBitshift                  0x080008ed   Thumb Code    26  stm32f0xx_hal_dma.o(i.DMA_CalcBaseAndBitshift)
    i.DMA_SetConfig                          0x08000910   Section        0  stm32f0xx_hal_dma.o(i.DMA_SetConfig)
    DMA_SetConfig                            0x08000911   Thumb Code    46  stm32f0xx_hal_dma.o(i.DMA_SetConfig)
    i.EXTI4_15_IRQHandler                    0x0800093e   Section        0  stm32f0xx_it.o(i.EXTI4_15_IRQHandler)
    i.Error_Handler                          0x0800094a   Section        0  main.o(i.Error_Handler)
    i.Gui_DrawFont_GBK16                     0x0800094c   Section        0  lcd.o(i.Gui_DrawFont_GBK16)
    i.Gui_DrawPoint                          0x080009d4   Section        0  lcd.o(i.Gui_DrawPoint)
    i.HAL_ADC_ConfigChannel                  0x080009ec   Section        0  stm32f0xx_hal_adc.o(i.HAL_ADC_ConfigChannel)
    i.HAL_ADC_GetState                       0x08000b24   Section        0  stm32f0xx_hal_adc.o(i.HAL_ADC_GetState)
    i.HAL_ADC_GetValue                       0x08000b28   Section        0  stm32f0xx_hal_adc.o(i.HAL_ADC_GetValue)
    i.HAL_ADC_Init                           0x08000b30   Section        0  stm32f0xx_hal_adc.o(i.HAL_ADC_Init)
    i.HAL_ADC_MspInit                        0x08000ca8   Section        0  adc.o(i.HAL_ADC_MspInit)
    i.HAL_ADC_PollForConversion              0x08000d00   Section        0  stm32f0xx_hal_adc.o(i.HAL_ADC_PollForConversion)
    i.HAL_ADC_Start                          0x08000dc4   Section        0  stm32f0xx_hal_adc.o(i.HAL_ADC_Start)
    i.HAL_DMA_Abort                          0x08000e24   Section        0  stm32f0xx_hal_dma.o(i.HAL_DMA_Abort)
    i.HAL_DMA_Abort_IT                       0x08000e68   Section        0  stm32f0xx_hal_dma.o(i.HAL_DMA_Abort_IT)
    i.HAL_DMA_GetError                       0x08000eb0   Section        0  stm32f0xx_hal_dma.o(i.HAL_DMA_GetError)
    i.HAL_DMA_IRQHandler                     0x08000eb4   Section        0  stm32f0xx_hal_dma.o(i.HAL_DMA_IRQHandler)
    i.HAL_DMA_Init                           0x08000f60   Section        0  stm32f0xx_hal_dma.o(i.HAL_DMA_Init)
    i.HAL_DMA_Start_IT                       0x08000fb0   Section        0  stm32f0xx_hal_dma.o(i.HAL_DMA_Start_IT)
    i.HAL_Delay                              0x08001024   Section        0  stm32f0xx_hal.o(i.HAL_Delay)
    i.HAL_GPIO_EXTI_Callback                 0x08001048   Section        0  gpio.o(i.HAL_GPIO_EXTI_Callback)
    i.HAL_GPIO_EXTI_IRQHandler               0x0800107c   Section        0  stm32f0xx_hal_gpio.o(i.HAL_GPIO_EXTI_IRQHandler)
    i.HAL_GPIO_Init                          0x08001094   Section        0  stm32f0xx_hal_gpio.o(i.HAL_GPIO_Init)
    i.HAL_GPIO_ReadPin                       0x080011ec   Section        0  stm32f0xx_hal_gpio.o(i.HAL_GPIO_ReadPin)
    i.HAL_GPIO_WritePin                      0x080011fa   Section        0  stm32f0xx_hal_gpio.o(i.HAL_GPIO_WritePin)
    i.HAL_GetTick                            0x08001208   Section        0  stm32f0xx_hal.o(i.HAL_GetTick)
    i.HAL_IncTick                            0x08001214   Section        0  stm32f0xx_hal.o(i.HAL_IncTick)
    i.HAL_Init                               0x08001224   Section        0  stm32f0xx_hal.o(i.HAL_Init)
    i.HAL_InitTick                           0x08001244   Section        0  stm32f0xx_hal.o(i.HAL_InitTick)
    i.HAL_MspInit                            0x0800128c   Section        0  stm32f0xx_hal_msp.o(i.HAL_MspInit)
    i.HAL_NVIC_EnableIRQ                     0x080012b4   Section        0  stm32f0xx_hal_cortex.o(i.HAL_NVIC_EnableIRQ)
    i.HAL_NVIC_SetPriority                   0x080012cc   Section        0  stm32f0xx_hal_cortex.o(i.HAL_NVIC_SetPriority)
    i.HAL_RCCEx_PeriphCLKConfig              0x08001310   Section        0  stm32f0xx_hal_rcc_ex.o(i.HAL_RCCEx_PeriphCLKConfig)
    i.HAL_RCC_ClockConfig                    0x0800141c   Section        0  stm32f0xx_hal_rcc.o(i.HAL_RCC_ClockConfig)
    i.HAL_RCC_GetHCLKFreq                    0x08001548   Section        0  stm32f0xx_hal_rcc.o(i.HAL_RCC_GetHCLKFreq)
    i.HAL_RCC_GetPCLK1Freq                   0x08001554   Section        0  stm32f0xx_hal_rcc.o(i.HAL_RCC_GetPCLK1Freq)
    i.HAL_RCC_GetSysClockFreq                0x08001574   Section        0  stm32f0xx_hal_rcc.o(i.HAL_RCC_GetSysClockFreq)
    i.HAL_RCC_OscConfig                      0x08001614   Section        0  stm32f0xx_hal_rcc.o(i.HAL_RCC_OscConfig)
    i.HAL_SPI_Init                           0x08001a9a   Section        0  stm32f0xx_hal_spi.o(i.HAL_SPI_Init)
    i.HAL_SPI_MspInit                        0x08001b8c   Section        0  spi.o(i.HAL_SPI_MspInit)
    i.HAL_SPI_Transmit                       0x08001c10   Section        0  stm32f0xx_hal_spi.o(i.HAL_SPI_Transmit)
    i.HAL_SYSTICK_Config                     0x08001da0   Section        0  stm32f0xx_hal_cortex.o(i.HAL_SYSTICK_Config)
    i.HAL_UARTEx_RxEventCallback             0x08001ddc   Section        0  stm32f0xx_hal_uart.o(i.HAL_UARTEx_RxEventCallback)
    i.HAL_UARTEx_WakeupCallback              0x08001dde   Section        0  stm32f0xx_hal_uart_ex.o(i.HAL_UARTEx_WakeupCallback)
    i.HAL_UART_DMAStop                       0x08001de0   Section        0  stm32f0xx_hal_uart.o(i.HAL_UART_DMAStop)
    i.HAL_UART_ErrorCallback                 0x08001e66   Section        0  stm32f0xx_hal_uart.o(i.HAL_UART_ErrorCallback)
    i.HAL_UART_IRQHandler                    0x08001e68   Section        0  stm32f0xx_hal_uart.o(i.HAL_UART_IRQHandler)
    i.HAL_UART_Init                          0x08002090   Section        0  stm32f0xx_hal_uart.o(i.HAL_UART_Init)
    i.HAL_UART_MspInit                       0x08002100   Section        0  usart.o(i.HAL_UART_MspInit)
    i.HAL_UART_Receive_DMA                   0x08002204   Section        0  stm32f0xx_hal_uart.o(i.HAL_UART_Receive_DMA)
    i.HAL_UART_RxCpltCallback                0x08002264   Section        0  stm32f0xx_hal_uart.o(i.HAL_UART_RxCpltCallback)
    i.HAL_UART_RxHalfCpltCallback            0x08002266   Section        0  stm32f0xx_hal_uart.o(i.HAL_UART_RxHalfCpltCallback)
    i.HAL_UART_Transmit                      0x08002268   Section        0  stm32f0xx_hal_uart.o(i.HAL_UART_Transmit)
    i.HAL_UART_TxCpltCallback                0x08002360   Section        0  stm32f0xx_hal_uart.o(i.HAL_UART_TxCpltCallback)
    i.HardFault_Handler                      0x08002362   Section        0  stm32f0xx_it.o(i.HardFault_Handler)
    i.LCD_GPIO_Init                          0x08002364   Section        0  lcd.o(i.LCD_GPIO_Init)
    i.LCD_WriteData_16Bit                    0x0800239c   Section        0  lcd.o(i.LCD_WriteData_16Bit)
    i.Lcd_Clear                              0x080023f4   Section        0  lcd.o(i.Lcd_Clear)
    i.Lcd_Init                               0x08002424   Section        0  lcd.o(i.Lcd_Init)
    i.Lcd_SetRegion                          0x08002470   Section        0  lcd.o(i.Lcd_SetRegion)
    i.Lcd_WriteData                          0x080024c8   Section        0  lcd.o(i.Lcd_WriteData)
    i.Lcd_WriteIndex                         0x0800250c   Section        0  lcd.o(i.Lcd_WriteIndex)
    i.MX_ADC_Init                            0x08002550   Section        0  adc.o(i.MX_ADC_Init)
    i.MX_DMA_Init                            0x080025b8   Section        0  dma.o(i.MX_DMA_Init)
    i.MX_GPIO_Init                           0x080025e0   Section        0  gpio.o(i.MX_GPIO_Init)
    i.MX_SPI1_Init                           0x08002688   Section        0  spi.o(i.MX_SPI1_Init)
    i.MX_USART1_UART_Init                    0x080026d4   Section        0  usart.o(i.MX_USART1_UART_Init)
    i.MX_USART2_UART_Init                    0x0800270c   Section        0  usart.o(i.MX_USART2_UART_Init)
    i.NMI_Handler                            0x08002744   Section        0  stm32f0xx_it.o(i.NMI_Handler)
    i.PendSV_Handler                         0x08002746   Section        0  stm32f0xx_it.o(i.PendSV_Handler)
    i.SPI_EndRxTxTransaction                 0x08002748   Section        0  stm32f0xx_hal_spi.o(i.SPI_EndRxTxTransaction)
    SPI_EndRxTxTransaction                   0x08002749   Thumb Code   102  stm32f0xx_hal_spi.o(i.SPI_EndRxTxTransaction)
    i.SPI_WaitFifoStateUntilTimeout          0x080027b0   Section        0  stm32f0xx_hal_spi.o(i.SPI_WaitFifoStateUntilTimeout)
    SPI_WaitFifoStateUntilTimeout            0x080027b1   Thumb Code   208  stm32f0xx_hal_spi.o(i.SPI_WaitFifoStateUntilTimeout)
    i.SPI_WaitFlagStateUntilTimeout          0x08002884   Section        0  stm32f0xx_hal_spi.o(i.SPI_WaitFlagStateUntilTimeout)
    SPI_WaitFlagStateUntilTimeout            0x08002885   Thumb Code   210  stm32f0xx_hal_spi.o(i.SPI_WaitFlagStateUntilTimeout)
    i.SVC_Handler                            0x0800295c   Section        0  stm32f0xx_it.o(i.SVC_Handler)
    i.SysTick_Handler                        0x0800295e   Section        0  stm32f0xx_it.o(i.SysTick_Handler)
    i.SystemClock_Config                     0x08002966   Section        0  main.o(i.SystemClock_Config)
    i.SystemInit                             0x080029d8   Section        0  system_stm32f0xx.o(i.SystemInit)
    i.UART_AdvFeatureConfig                  0x08002a34   Section        0  stm32f0xx_hal_uart.o(i.UART_AdvFeatureConfig)
    i.UART_CheckIdleState                    0x08002b00   Section        0  stm32f0xx_hal_uart.o(i.UART_CheckIdleState)
    i.UART_DMAAbortOnError                   0x08002b68   Section        0  stm32f0xx_hal_uart.o(i.UART_DMAAbortOnError)
    UART_DMAAbortOnError                     0x08002b69   Thumb Code    20  stm32f0xx_hal_uart.o(i.UART_DMAAbortOnError)
    i.UART_DMAError                          0x08002b7c   Section        0  stm32f0xx_hal_uart.o(i.UART_DMAError)
    UART_DMAError                            0x08002b7d   Thumb Code    76  stm32f0xx_hal_uart.o(i.UART_DMAError)
    i.UART_DMAReceiveCplt                    0x08002bc8   Section        0  stm32f0xx_hal_uart.o(i.UART_DMAReceiveCplt)
    UART_DMAReceiveCplt                      0x08002bc9   Thumb Code    92  stm32f0xx_hal_uart.o(i.UART_DMAReceiveCplt)
    i.UART_DMARxHalfCplt                     0x08002c24   Section        0  stm32f0xx_hal_uart.o(i.UART_DMARxHalfCplt)
    UART_DMARxHalfCplt                       0x08002c25   Thumb Code    28  stm32f0xx_hal_uart.o(i.UART_DMARxHalfCplt)
    i.UART_EndRxTransfer                     0x08002c40   Section        0  stm32f0xx_hal_uart.o(i.UART_EndRxTransfer)
    UART_EndRxTransfer                       0x08002c41   Thumb Code    50  stm32f0xx_hal_uart.o(i.UART_EndRxTransfer)
    i.UART_EndTransmit_IT                    0x08002c72   Section        0  stm32f0xx_hal_uart.o(i.UART_EndTransmit_IT)
    UART_EndTransmit_IT                      0x08002c73   Thumb Code    26  stm32f0xx_hal_uart.o(i.UART_EndTransmit_IT)
    i.UART_EndTxTransfer                     0x08002c8c   Section        0  stm32f0xx_hal_uart.o(i.UART_EndTxTransfer)
    UART_EndTxTransfer                       0x08002c8d   Thumb Code    16  stm32f0xx_hal_uart.o(i.UART_EndTxTransfer)
    i.UART_SetConfig                         0x08002c9c   Section        0  stm32f0xx_hal_uart.o(i.UART_SetConfig)
    i.UART_Start_Receive_DMA                 0x08002df0   Section        0  stm32f0xx_hal_uart.o(i.UART_Start_Receive_DMA)
    i.UART_WaitOnFlagUntilTimeout            0x08002e7c   Section        0  stm32f0xx_hal_uart.o(i.UART_WaitOnFlagUntilTimeout)
    i.USART1_IRQHandler                      0x08002f3c   Section        0  stm32f0xx_it.o(i.USART1_IRQHandler)
    i.USART2_IRQHandler                      0x08002f4c   Section        0  stm32f0xx_it.o(i.USART2_IRQHandler)
    i.__0printf$8                            0x08002fa4   Section        0  printf8.o(i.__0printf$8)
    i.__0sprintf$8                           0x08002fc4   Section        0  printf8.o(i.__0sprintf$8)
    i.__ARM_common_ll_muluu                  0x08002fec   Section        0  stm32f0xx_hal_rcc.o(i.__ARM_common_ll_muluu)
    i.__ARM_common_switch8                   0x0800301e   Section        0  main.o(i.__ARM_common_switch8)
    i.__scatterload_copy                     0x08003038   Section       14  handlers.o(i.__scatterload_copy)
    i.__scatterload_null                     0x08003046   Section        2  handlers.o(i.__scatterload_null)
    i.__scatterload_zeroinit                 0x08003048   Section       14  handlers.o(i.__scatterload_zeroinit)
    i._printf_core                           0x08003058   Section        0  printf8.o(i._printf_core)
    _printf_core                             0x08003059   Thumb Code  1020  printf8.o(i._printf_core)
    i._printf_post_padding                   0x08003480   Section        0  printf8.o(i._printf_post_padding)
    _printf_post_padding                     0x08003481   Thumb Code    32  printf8.o(i._printf_post_padding)
    i._printf_pre_padding                    0x080034a0   Section        0  printf8.o(i._printf_pre_padding)
    _printf_pre_padding                      0x080034a1   Thumb Code    44  printf8.o(i._printf_pre_padding)
    i._sputc                                 0x080034cc   Section        0  printf8.o(i._sputc)
    _sputc                                   0x080034cd   Thumb Code    10  printf8.o(i._sputc)
    i.fputc                                  0x080034d8   Section        0  usart.o(i.fputc)
    i.main                                   0x080034f0   Section        0  main.o(i.main)
    i.sensoring                              0x0800390c   Section        0  sensor.o(i.sensoring)
    .constdata                               0x080039a8   Section       16  system_stm32f0xx.o(.constdata)
    .constdata                               0x080039b8   Section        8  system_stm32f0xx.o(.constdata)
    .constdata                               0x080039c0   Section     4097  lcd.o(.constdata)
    .constdata                               0x080049c1   Section       64  ctype_c.o(.constdata)
    .data                                    0x20000000   Section        4  system_stm32f0xx.o(.data)
    .data                                    0x20000004   Section      567  at4nb.o(.data)
    .data                                    0x2000023b   Section        1  at4nb.o(.data)
    .data                                    0x2000023c   Section        7  at4nb.o(.data)
    .data                                    0x20000243   Section        1  sensor.o(.data)
    .data                                    0x20000244   Section        1  sensor.o(.data)
    .data                                    0x20000248   Section        8  sensor.o(.data)
    .data                                    0x20000250   Section        1  main.o(.data)
    firstTime                                0x20000250   Data           1  main.o(.data)
    .data                                    0x20000254   Section       12  stm32f0xx_hal.o(.data)
    .data                                    0x20000260   Section        4  stdout.o(.data)
    .bss                                     0x20000264   Section       64  adc.o(.bss)
    .bss                                     0x200002a4   Section      100  spi.o(.bss)
    .bss                                     0x20000308   Section      592  usart.o(.bss)
    STACK                                    0x20000558   Section     1024  startup_stm32f051x8.o(STACK)

    Global Symbols

    Symbol Name                              Value     Ov Type        Size  Object(Section)

    BuildAttributes$$THM_ISAv3M$S$PE$A:L22$X:L11$S22$IEEE1$IW$USESV6$~STKCKD$USESV7$~SHL$OTIME$ROPI$EBA8$MICROLIB$REQ8$PRES8$EABIv2 0x00000000   Number         0  anon$$obj.o ABSOLUTE
    __ARM_use_no_argv                        0x00000000   Number         0  main.o ABSOLUTE
    _printf_a                                0x00000000   Number         0  stubs.o ABSOLUTE
    _printf_c                                0x00000000   Number         0  stubs.o ABSOLUTE
    _printf_charcount                        0x00000000   Number         0  stubs.o ABSOLUTE
    _printf_d                                0x00000000   Number         0  stubs.o ABSOLUTE
    _printf_e                                0x00000000   Number         0  stubs.o ABSOLUTE
    _printf_f                                0x00000000   Number         0  stubs.o ABSOLUTE
    _printf_flags                            0x00000000   Number         0  stubs.o ABSOLUTE
    _printf_fp_dec                           0x00000000   Number         0  stubs.o ABSOLUTE
    _printf_fp_hex                           0x00000000   Number         0  stubs.o ABSOLUTE
    _printf_g                                0x00000000   Number         0  stubs.o ABSOLUTE
    _printf_i                                0x00000000   Number         0  stubs.o ABSOLUTE
    _printf_int_dec                          0x00000000   Number         0  stubs.o ABSOLUTE
    _printf_l                                0x00000000   Number         0  stubs.o ABSOLUTE
    _printf_lc                               0x00000000   Number         0  stubs.o ABSOLUTE
    _printf_ll                               0x00000000   Number         0  stubs.o ABSOLUTE
    _printf_lld                              0x00000000   Number         0  stubs.o ABSOLUTE
    _printf_lli                              0x00000000   Number         0  stubs.o ABSOLUTE
    _printf_llo                              0x00000000   Number         0  stubs.o ABSOLUTE
    _printf_llu                              0x00000000   Number         0  stubs.o ABSOLUTE
    _printf_llx                              0x00000000   Number         0  stubs.o ABSOLUTE
    _printf_longlong_dec                     0x00000000   Number         0  stubs.o ABSOLUTE
    _printf_longlong_hex                     0x00000000   Number         0  stubs.o ABSOLUTE
    _printf_longlong_oct                     0x00000000   Number         0  stubs.o ABSOLUTE
    _printf_ls                               0x00000000   Number         0  stubs.o ABSOLUTE
    _printf_mbtowc                           0x00000000   Number         0  stubs.o ABSOLUTE
    _printf_n                                0x00000000   Number         0  stubs.o ABSOLUTE
    _printf_o                                0x00000000   Number         0  stubs.o ABSOLUTE
    _printf_p                                0x00000000   Number         0  stubs.o ABSOLUTE
    _printf_percent                          0x00000000   Number         0  stubs.o ABSOLUTE
    _printf_pre_padding                      0x00000000   Number         0  stubs.o ABSOLUTE
    _printf_return_value                     0x00000000   Number         0  stubs.o ABSOLUTE
    _printf_s                                0x00000000   Number         0  stubs.o ABSOLUTE
    _printf_sizespec                         0x00000000   Number         0  stubs.o ABSOLUTE
    _printf_str                              0x00000000   Number         0  stubs.o ABSOLUTE
    _printf_truncate_signed                  0x00000000   Number         0  stubs.o ABSOLUTE
    _printf_truncate_unsigned                0x00000000   Number         0  stubs.o ABSOLUTE
    _printf_u                                0x00000000   Number         0  stubs.o ABSOLUTE
    _printf_wc                               0x00000000   Number         0  stubs.o ABSOLUTE
    _printf_wctomb                           0x00000000   Number         0  stubs.o ABSOLUTE
    _printf_widthprec                        0x00000000   Number         0  stubs.o ABSOLUTE
    _printf_x                                0x00000000   Number         0  stubs.o ABSOLUTE
    __cpp_initialize__aeabi_                  - Undefined Weak Reference
    __cxa_finalize                            - Undefined Weak Reference
    _clock_init                               - Undefined Weak Reference
    _microlib_exit                            - Undefined Weak Reference
    _scanf_longlong                           - Undefined Weak Reference
    _scanf_real                               - Undefined Weak Reference
    _scanf_string                             - Undefined Weak Reference
    __Vectors_Size                           0x000000bc   Number         0  startup_stm32f051x8.o ABSOLUTE
    __Vectors                                0x08000000   Data           4  startup_stm32f051x8.o(RESET)
    __Vectors_End                            0x080000bc   Data           0  startup_stm32f051x8.o(RESET)
    __main                                   0x080000bd   Thumb Code     0  entry.o(.ARM.Collect$$$$00000000)
    _main_stk                                0x080000bd   Thumb Code     0  entry2.o(.ARM.Collect$$$$00000001)
    _main_scatterload                        0x080000c1   Thumb Code     0  entry5.o(.ARM.Collect$$$$00000004)
    __main_after_scatterload                 0x080000c5   Thumb Code     0  entry5.o(.ARM.Collect$$$$00000004)
    _main_clock                              0x080000c5   Thumb Code     0  entry7b.o(.ARM.Collect$$$$00000008)
    _main_cpp_init                           0x080000c5   Thumb Code     0  entry8b.o(.ARM.Collect$$$$0000000A)
    _main_init                               0x080000c5   Thumb Code     0  entry9a.o(.ARM.Collect$$$$0000000B)
    __rt_final_cpp                           0x080000cd   Thumb Code     0  entry10a.o(.ARM.Collect$$$$0000000D)
    __rt_final_exit                          0x080000cd   Thumb Code     0  entry11a.o(.ARM.Collect$$$$0000000F)
    Reset_Handler                            0x080000d1   Thumb Code     8  startup_stm32f051x8.o(.text)
    ADC1_COMP_IRQHandler                     0x080000e3   Thumb Code     0  startup_stm32f051x8.o(.text)
    CEC_IRQHandler                           0x080000e3   Thumb Code     0  startup_stm32f051x8.o(.text)
    DMA1_Channel1_IRQHandler                 0x080000e3   Thumb Code     0  startup_stm32f051x8.o(.text)
    DMA1_Channel2_3_IRQHandler               0x080000e3   Thumb Code     0  startup_stm32f051x8.o(.text)
    EXTI0_1_IRQHandler                       0x080000e3   Thumb Code     0  startup_stm32f051x8.o(.text)
    EXTI2_3_IRQHandler                       0x080000e3   Thumb Code     0  startup_stm32f051x8.o(.text)
    FLASH_IRQHandler                         0x080000e3   Thumb Code     0  startup_stm32f051x8.o(.text)
    I2C1_IRQHandler                          0x080000e3   Thumb Code     0  startup_stm32f051x8.o(.text)
    I2C2_IRQHandler                          0x080000e3   Thumb Code     0  startup_stm32f051x8.o(.text)
    PVD_IRQHandler                           0x080000e3   Thumb Code     0  startup_stm32f051x8.o(.text)
    RCC_IRQHandler                           0x080000e3   Thumb Code     0  startup_stm32f051x8.o(.text)
    RTC_IRQHandler                           0x080000e3   Thumb Code     0  startup_stm32f051x8.o(.text)
    SPI1_IRQHandler                          0x080000e3   Thumb Code     0  startup_stm32f051x8.o(.text)
    SPI2_IRQHandler                          0x080000e3   Thumb Code     0  startup_stm32f051x8.o(.text)
    TIM14_IRQHandler                         0x080000e3   Thumb Code     0  startup_stm32f051x8.o(.text)
    TIM15_IRQHandler                         0x080000e3   Thumb Code     0  startup_stm32f051x8.o(.text)
    TIM16_IRQHandler                         0x080000e3   Thumb Code     0  startup_stm32f051x8.o(.text)
    TIM17_IRQHandler                         0x080000e3   Thumb Code     0  startup_stm32f051x8.o(.text)
    TIM1_BRK_UP_TRG_COM_IRQHandler           0x080000e3   Thumb Code     0  startup_stm32f051x8.o(.text)
    TIM1_CC_IRQHandler                       0x080000e3   Thumb Code     0  startup_stm32f051x8.o(.text)
    TIM2_IRQHandler                          0x080000e3   Thumb Code     0  startup_stm32f051x8.o(.text)
    TIM3_IRQHandler                          0x080000e3   Thumb Code     0  startup_stm32f051x8.o(.text)
    TIM6_DAC_IRQHandler                      0x080000e3   Thumb Code     0  startup_stm32f051x8.o(.text)
    TSC_IRQHandler                           0x080000e3   Thumb Code     0  startup_stm32f051x8.o(.text)
    WWDG_IRQHandler                          0x080000e3   Thumb Code     0  startup_stm32f051x8.o(.text)
    __aeabi_uidiv                            0x080000ed   Thumb Code     0  uidiv.o(.text)
    __aeabi_uidivmod                         0x080000ed   Thumb Code    44  uidiv.o(.text)
    __aeabi_uldivmod                         0x08000119   Thumb Code    96  uldiv.o(.text)
    __aeabi_llsr                             0x08000179   Thumb Code    34  llushr.o(.text)
    _ll_ushift_r                             0x08000179   Thumb Code     0  llushr.o(.text)
    __aeabi_memcpy                           0x0800019b   Thumb Code    36  memcpya.o(.text)
    __aeabi_memcpy4                          0x0800019b   Thumb Code     0  memcpya.o(.text)
    __aeabi_memcpy8                          0x0800019b   Thumb Code     0  memcpya.o(.text)
    __aeabi_memset                           0x080001bf   Thumb Code    14  memseta.o(.text)
    __aeabi_memset4                          0x080001bf   Thumb Code     0  memseta.o(.text)
    __aeabi_memset8                          0x080001bf   Thumb Code     0  memseta.o(.text)
    __aeabi_memclr                           0x080001cd   Thumb Code     4  memseta.o(.text)
    __aeabi_memclr4                          0x080001cd   Thumb Code     0  memseta.o(.text)
    __aeabi_memclr8                          0x080001cd   Thumb Code     0  memseta.o(.text)
    _memset$wrapper                          0x080001d1   Thumb Code    18  memseta.o(.text)
    strstr                                   0x080001e3   Thumb Code    40  strstr.o(.text)
    strlen                                   0x0800020b   Thumb Code    14  strlen.o(.text)
    __0sscanf                                0x08000219   Thumb Code    50  __0sscanf.o(.text)
    _scanf_int                               0x08000255   Thumb Code   330  _scanf_int.o(.text)
    __aeabi_llsl                             0x0800039f   Thumb Code    32  llshl.o(.text)
    _ll_shift_l                              0x0800039f   Thumb Code     0  llshl.o(.text)
    _chval                                   0x080003bf   Thumb Code    30  _chval.o(.text)
    __vfscanf_char                           0x080003e9   Thumb Code    24  scanf_char.o(.text)
    _sgetc                                   0x08000409   Thumb Code    32  _sgetc.o(.text)
    _sbackspace                              0x08000429   Thumb Code    36  _sgetc.o(.text)
    __scatterload                            0x0800044d   Thumb Code    28  init.o(.text)
    __scatterload_rt2                        0x0800044d   Thumb Code     0  init.o(.text)
    isspace                                  0x08000471   Thumb Code    14  isspace_c.o(.text)
    __vfscanf                                0x08000481   Thumb Code   812  _scanf.o(.text)
    __ctype_lookup                           0x080007b9   Thumb Code    32  ctype_c.o(.text)
    __decompress                             0x080007dd   Thumb Code     0  __dczerorl2.o(.text)
    __decompress1                            0x080007dd   Thumb Code    86  __dczerorl2.o(.text)
    DMA1_Channel4_5_IRQHandler               0x080008dd   Thumb Code    10  stm32f0xx_it.o(i.DMA1_Channel4_5_IRQHandler)
    EXTI4_15_IRQHandler                      0x0800093f   Thumb Code    12  stm32f0xx_it.o(i.EXTI4_15_IRQHandler)
    Error_Handler                            0x0800094b   Thumb Code     2  main.o(i.Error_Handler)
    Gui_DrawFont_GBK16                       0x0800094d   Thumb Code   132  lcd.o(i.Gui_DrawFont_GBK16)
    Gui_DrawPoint                            0x080009d5   Thumb Code    24  lcd.o(i.Gui_DrawPoint)
    HAL_ADC_ConfigChannel                    0x080009ed   Thumb Code   296  stm32f0xx_hal_adc.o(i.HAL_ADC_ConfigChannel)
    HAL_ADC_GetState                         0x08000b25   Thumb Code     4  stm32f0xx_hal_adc.o(i.HAL_ADC_GetState)
    HAL_ADC_GetValue                         0x08000b29   Thumb Code     6  stm32f0xx_hal_adc.o(i.HAL_ADC_GetValue)
    HAL_ADC_Init                             0x08000b31   Thumb Code   368  stm32f0xx_hal_adc.o(i.HAL_ADC_Init)
    HAL_ADC_MspInit                          0x08000ca9   Thumb Code    78  adc.o(i.HAL_ADC_MspInit)
    HAL_ADC_PollForConversion                0x08000d01   Thumb Code   196  stm32f0xx_hal_adc.o(i.HAL_ADC_PollForConversion)
    HAL_ADC_Start                            0x08000dc5   Thumb Code    90  stm32f0xx_hal_adc.o(i.HAL_ADC_Start)
    HAL_DMA_Abort                            0x08000e25   Thumb Code    68  stm32f0xx_hal_dma.o(i.HAL_DMA_Abort)
    HAL_DMA_Abort_IT                         0x08000e69   Thumb Code    72  stm32f0xx_hal_dma.o(i.HAL_DMA_Abort_IT)
    HAL_DMA_GetError                         0x08000eb1   Thumb Code     4  stm32f0xx_hal_dma.o(i.HAL_DMA_GetError)
    HAL_DMA_IRQHandler                       0x08000eb5   Thumb Code   170  stm32f0xx_hal_dma.o(i.HAL_DMA_IRQHandler)
    HAL_DMA_Init                             0x08000f61   Thumb Code    76  stm32f0xx_hal_dma.o(i.HAL_DMA_Init)
    HAL_DMA_Start_IT                         0x08000fb1   Thumb Code   114  stm32f0xx_hal_dma.o(i.HAL_DMA_Start_IT)
    HAL_Delay                                0x08001025   Thumb Code    32  stm32f0xx_hal.o(i.HAL_Delay)
    HAL_GPIO_EXTI_Callback                   0x08001049   Thumb Code    38  gpio.o(i.HAL_GPIO_EXTI_Callback)
    HAL_GPIO_EXTI_IRQHandler                 0x0800107d   Thumb Code    18  stm32f0xx_hal_gpio.o(i.HAL_GPIO_EXTI_IRQHandler)
    HAL_GPIO_Init                            0x08001095   Thumb Code   318  stm32f0xx_hal_gpio.o(i.HAL_GPIO_Init)
    HAL_GPIO_ReadPin                         0x080011ed   Thumb Code    14  stm32f0xx_hal_gpio.o(i.HAL_GPIO_ReadPin)
    HAL_GPIO_WritePin                        0x080011fb   Thumb Code    12  stm32f0xx_hal_gpio.o(i.HAL_GPIO_WritePin)
    HAL_GetTick                              0x08001209   Thumb Code     6  stm32f0xx_hal.o(i.HAL_GetTick)
    HAL_IncTick                              0x08001215   Thumb Code    12  stm32f0xx_hal.o(i.HAL_IncTick)
    HAL_Init                                 0x08001225   Thumb Code    26  stm32f0xx_hal.o(i.HAL_Init)
    HAL_InitTick                             0x08001245   Thumb Code    62  stm32f0xx_hal.o(i.HAL_InitTick)
    HAL_MspInit                              0x0800128d   Thumb Code    34  stm32f0xx_hal_msp.o(i.HAL_MspInit)
    HAL_NVIC_EnableIRQ                       0x080012b5   Thumb Code    18  stm32f0xx_hal_cortex.o(i.HAL_NVIC_EnableIRQ)
    HAL_NVIC_SetPriority                     0x080012cd   Thumb Code    60  stm32f0xx_hal_cortex.o(i.HAL_NVIC_SetPriority)
    HAL_RCCEx_PeriphCLKConfig                0x08001311   Thumb Code   256  stm32f0xx_hal_rcc_ex.o(i.HAL_RCCEx_PeriphCLKConfig)
    HAL_RCC_ClockConfig                      0x0800141d   Thumb Code   278  stm32f0xx_hal_rcc.o(i.HAL_RCC_ClockConfig)
    HAL_RCC_GetHCLKFreq                      0x08001549   Thumb Code     6  stm32f0xx_hal_rcc.o(i.HAL_RCC_GetHCLKFreq)
    HAL_RCC_GetPCLK1Freq                     0x08001555   Thumb Code    22  stm32f0xx_hal_rcc.o(i.HAL_RCC_GetPCLK1Freq)
    HAL_RCC_GetSysClockFreq                  0x08001575   Thumb Code   114  stm32f0xx_hal_rcc.o(i.HAL_RCC_GetSysClockFreq)
    HAL_RCC_OscConfig                        0x08001615   Thumb Code  1158  stm32f0xx_hal_rcc.o(i.HAL_RCC_OscConfig)
    HAL_SPI_Init                             0x08001a9b   Thumb Code   240  stm32f0xx_hal_spi.o(i.HAL_SPI_Init)
    HAL_SPI_MspInit                          0x08001b8d   Thumb Code   118  spi.o(i.HAL_SPI_MspInit)
    HAL_SPI_Transmit                         0x08001c11   Thumb Code   398  stm32f0xx_hal_spi.o(i.HAL_SPI_Transmit)
    HAL_SYSTICK_Config                       0x08001da1   Thumb Code    46  stm32f0xx_hal_cortex.o(i.HAL_SYSTICK_Config)
    HAL_UARTEx_RxEventCallback               0x08001ddd   Thumb Code     2  stm32f0xx_hal_uart.o(i.HAL_UARTEx_RxEventCallback)
    HAL_UARTEx_WakeupCallback                0x08001ddf   Thumb Code     2  stm32f0xx_hal_uart_ex.o(i.HAL_UARTEx_WakeupCallback)
    HAL_UART_DMAStop                         0x08001de1   Thumb Code   134  stm32f0xx_hal_uart.o(i.HAL_UART_DMAStop)
    HAL_UART_ErrorCallback                   0x08001e67   Thumb Code     2  stm32f0xx_hal_uart.o(i.HAL_UART_ErrorCallback)
    HAL_UART_IRQHandler                      0x08001e69   Thumb Code   538  stm32f0xx_hal_uart.o(i.HAL_UART_IRQHandler)
    HAL_UART_Init                            0x08002091   Thumb Code   112  stm32f0xx_hal_uart.o(i.HAL_UART_Init)
    HAL_UART_MspInit                         0x08002101   Thumb Code   236  usart.o(i.HAL_UART_MspInit)
    HAL_UART_Receive_DMA                     0x08002205   Thumb Code    96  stm32f0xx_hal_uart.o(i.HAL_UART_Receive_DMA)
    HAL_UART_RxCpltCallback                  0x08002265   Thumb Code     2  stm32f0xx_hal_uart.o(i.HAL_UART_RxCpltCallback)
    HAL_UART_RxHalfCpltCallback              0x08002267   Thumb Code     2  stm32f0xx_hal_uart.o(i.HAL_UART_RxHalfCpltCallback)
    HAL_UART_Transmit                        0x08002269   Thumb Code   248  stm32f0xx_hal_uart.o(i.HAL_UART_Transmit)
    HAL_UART_TxCpltCallback                  0x08002361   Thumb Code     2  stm32f0xx_hal_uart.o(i.HAL_UART_TxCpltCallback)
    HardFault_Handler                        0x08002363   Thumb Code     2  stm32f0xx_it.o(i.HardFault_Handler)
    LCD_GPIO_Init                            0x08002365   Thumb Code    48  lcd.o(i.LCD_GPIO_Init)
    LCD_WriteData_16Bit                      0x0800239d   Thumb Code    76  lcd.o(i.LCD_WriteData_16Bit)
    Lcd_Clear                                0x080023f5   Thumb Code    46  lcd.o(i.Lcd_Clear)
    Lcd_Init                                 0x08002425   Thumb Code    72  lcd.o(i.Lcd_Init)
    Lcd_SetRegion                            0x08002471   Thumb Code    86  lcd.o(i.Lcd_SetRegion)
    Lcd_WriteData                            0x080024c9   Thumb Code    54  lcd.o(i.Lcd_WriteData)
    Lcd_WriteIndex                           0x0800250d   Thumb Code    54  lcd.o(i.Lcd_WriteIndex)
    MX_ADC_Init                              0x08002551   Thumb Code    96  adc.o(i.MX_ADC_Init)
    MX_DMA_Init                              0x080025b9   Thumb Code    36  dma.o(i.MX_DMA_Init)
    MX_GPIO_Init                             0x080025e1   Thumb Code   154  gpio.o(i.MX_GPIO_Init)
    MX_SPI1_Init                             0x08002689   Thumb Code    68  spi.o(i.MX_SPI1_Init)
    MX_USART1_UART_Init                      0x080026d5   Thumb Code    48  usart.o(i.MX_USART1_UART_Init)
    MX_USART2_UART_Init                      0x0800270d   Thumb Code    48  usart.o(i.MX_USART2_UART_Init)
    NMI_Handler                              0x08002745   Thumb Code     2  stm32f0xx_it.o(i.NMI_Handler)
    PendSV_Handler                           0x08002747   Thumb Code     2  stm32f0xx_it.o(i.PendSV_Handler)
    SVC_Handler                              0x0800295d   Thumb Code     2  stm32f0xx_it.o(i.SVC_Handler)
    SysTick_Handler                          0x0800295f   Thumb Code     8  stm32f0xx_it.o(i.SysTick_Handler)
    SystemClock_Config                       0x08002967   Thumb Code   114  main.o(i.SystemClock_Config)
    SystemInit                               0x080029d9   Thumb Code    78  system_stm32f0xx.o(i.SystemInit)
    UART_AdvFeatureConfig                    0x08002a35   Thumb Code   204  stm32f0xx_hal_uart.o(i.UART_AdvFeatureConfig)
    UART_CheckIdleState                      0x08002b01   Thumb Code    98  stm32f0xx_hal_uart.o(i.UART_CheckIdleState)
    UART_SetConfig                           0x08002c9d   Thumb Code   312  stm32f0xx_hal_uart.o(i.UART_SetConfig)
    UART_Start_Receive_DMA                   0x08002df1   Thumb Code   126  stm32f0xx_hal_uart.o(i.UART_Start_Receive_DMA)
    UART_WaitOnFlagUntilTimeout              0x08002e7d   Thumb Code   192  stm32f0xx_hal_uart.o(i.UART_WaitOnFlagUntilTimeout)
    USART1_IRQHandler                        0x08002f3d   Thumb Code    10  stm32f0xx_it.o(i.USART1_IRQHandler)
    USART2_IRQHandler                        0x08002f4d   Thumb Code    70  stm32f0xx_it.o(i.USART2_IRQHandler)
    __0printf$8                              0x08002fa5   Thumb Code    24  printf8.o(i.__0printf$8)
    __1printf$8                              0x08002fa5   Thumb Code     0  printf8.o(i.__0printf$8)
    __2printf                                0x08002fa5   Thumb Code     0  printf8.o(i.__0printf$8)
    __0sprintf$8                             0x08002fc5   Thumb Code    36  printf8.o(i.__0sprintf$8)
    __1sprintf$8                             0x08002fc5   Thumb Code     0  printf8.o(i.__0sprintf$8)
    __2sprintf                               0x08002fc5   Thumb Code     0  printf8.o(i.__0sprintf$8)
    __ARM_common_ll_muluu                    0x08002fed   Thumb Code    50  stm32f0xx_hal_rcc.o(i.__ARM_common_ll_muluu)
    __ARM_common_switch8                     0x0800301f   Thumb Code    26  main.o(i.__ARM_common_switch8)
    __scatterload_copy                       0x08003039   Thumb Code    14  handlers.o(i.__scatterload_copy)
    __scatterload_null                       0x08003047   Thumb Code     2  handlers.o(i.__scatterload_null)
    __scatterload_zeroinit                   0x08003049   Thumb Code    14  handlers.o(i.__scatterload_zeroinit)
    fputc                                    0x080034d9   Thumb Code    18  usart.o(i.fputc)
    main                                     0x080034f1   Thumb Code   702  main.o(i.main)
    sensoring                                0x0800390d   Thumb Code   108  sensor.o(i.sensoring)
    AHBPrescTable                            0x080039a8   Data          16  system_stm32f0xx.o(.constdata)
    APBPrescTable                            0x080039b8   Data           8  system_stm32f0xx.o(.constdata)
    Zk_ASCII8X16                             0x080039c0   Data        4097  lcd.o(.constdata)
    __ctype_categories                       0x080049c1   Data          64  ctype_c.o(.constdata)
    Region$$Table$$Base                      0x08004a04   Number         0  anon$$obj.o(Region$$Table)
    Region$$Table$$Limit                     0x08004a24   Number         0  anon$$obj.o(Region$$Table)
    SystemCoreClock                          0x20000000   Data           4  system_stm32f0xx.o(.data)
    msgs                                     0x20000004   Data         567  at4nb.o(.data)
    currentIndex                             0x2000023b   Data           1  at4nb.o(.data)
    retryTimesBack                           0x2000023c   Data           7  at4nb.o(.data)
    ulfraredTriggered                        0x20000243   Data           1  sensor.o(.data)
    ulfraedUntriggered                       0x20000244   Data           1  sensor.o(.data)
    debug1                                   0x20000248   Data           2  sensor.o(.data)
    AD_Time                                  0x2000024c   Data           4  sensor.o(.data)
    uwTickFreq                               0x20000254   Data           1  stm32f0xx_hal.o(.data)
    uwTickPrio                               0x20000258   Data           4  stm32f0xx_hal.o(.data)
    uwTick                                   0x2000025c   Data           4  stm32f0xx_hal.o(.data)
    __stdout                                 0x20000260   Data           4  stdout.o(.data)
    hadc                                     0x20000264   Data          64  adc.o(.bss)
    hspi1                                    0x200002a4   Data         100  spi.o(.bss)
    uart2DmaRcvData                          0x20000308   Data         258  usart.o(.bss)
    huart1                                   0x2000040c   Data         132  usart.o(.bss)
    huart2                                   0x20000490   Data         132  usart.o(.bss)
    hdma_usart2_rx                           0x20000514   Data          68  usart.o(.bss)
    __initial_sp                             0x20000958   Data           0  startup_stm32f051x8.o(STACK)



==============================================================================

Memory Map of the image

  Image Entry point : 0x080000bd

  Load Region LR_IROM1 (Base: 0x08000000, Size: 0x00004c88, Max: 0x00010000, ABSOLUTE, COMPRESSED[0x00004ab4])

    Execution Region ER_IROM1 (Exec base: 0x08000000, Load base: 0x08000000, Size: 0x00004a24, Max: 0x00010000, ABSOLUTE)

    Exec Addr    Load Addr    Size         Type   Attr      Idx    E Section Name        Object

    0x08000000   0x08000000   0x000000bc   Data   RO            3    RESET               startup_stm32f051x8.o
    0x080000bc   0x080000bc   0x00000000   Code   RO         3091  * .ARM.Collect$$$$00000000  mc_p.l(entry.o)
    0x080000bc   0x080000bc   0x00000004   Code   RO         3375    .ARM.Collect$$$$00000001  mc_p.l(entry2.o)
    0x080000c0   0x080000c0   0x00000004   Code   RO         3378    .ARM.Collect$$$$00000004  mc_p.l(entry5.o)
    0x080000c4   0x080000c4   0x00000000   Code   RO         3380    .ARM.Collect$$$$00000008  mc_p.l(entry7b.o)
    0x080000c4   0x080000c4   0x00000000   Code   RO         3382    .ARM.Collect$$$$0000000A  mc_p.l(entry8b.o)
    0x080000c4   0x080000c4   0x00000008   Code   RO         3383    .ARM.Collect$$$$0000000B  mc_p.l(entry9a.o)
    0x080000cc   0x080000cc   0x00000000   Code   RO         3385    .ARM.Collect$$$$0000000D  mc_p.l(entry10a.o)
    0x080000cc   0x080000cc   0x00000000   Code   RO         3387    .ARM.Collect$$$$0000000F  mc_p.l(entry11a.o)
    0x080000cc   0x080000cc   0x00000004   Code   RO         3376    .ARM.Collect$$$$00002712  mc_p.l(entry2.o)
    0x080000d0   0x080000d0   0x0000001c   Code   RO            4    .text               startup_stm32f051x8.o
    0x080000ec   0x080000ec   0x0000002c   Code   RO         3094    .text               mc_p.l(uidiv.o)
    0x08000118   0x08000118   0x00000060   Code   RO         3096    .text               mc_p.l(uldiv.o)
    0x08000178   0x08000178   0x00000022   Code   RO         3098    .text               mc_p.l(llushr.o)
    0x0800019a   0x0800019a   0x00000024   Code   RO         3100    .text               mc_p.l(memcpya.o)
    0x080001be   0x080001be   0x00000024   Code   RO         3102    .text               mc_p.l(memseta.o)
    0x080001e2   0x080001e2   0x00000028   Code   RO         3104    .text               mc_p.l(strstr.o)
    0x0800020a   0x0800020a   0x0000000e   Code   RO         3106    .text               mc_p.l(strlen.o)
    0x08000218   0x08000218   0x0000003c   Code   RO         3371    .text               mc_p.l(__0sscanf.o)
    0x08000254   0x08000254   0x0000014a   Code   RO         3373    .text               mc_p.l(_scanf_int.o)
    0x0800039e   0x0800039e   0x00000020   Code   RO         3390    .text               mc_p.l(llshl.o)
    0x080003be   0x080003be   0x0000001e   Code   RO         3392    .text               mc_p.l(_chval.o)
    0x080003dc   0x080003dc   0x0000002c   Code   RO         3394    .text               mc_p.l(scanf_char.o)
    0x08000408   0x08000408   0x00000044   Code   RO         3396    .text               mc_p.l(_sgetc.o)
    0x0800044c   0x0800044c   0x00000024   Code   RO         3409    .text               mc_p.l(init.o)
    0x08000470   0x08000470   0x0000000e   Code   RO         3413    .text               mc_p.l(isspace_c.o)
    0x0800047e   0x0800047e   0x00000002   PAD
    0x08000480   0x08000480   0x00000338   Code   RO         3415    .text               mc_p.l(_scanf.o)
    0x080007b8   0x080007b8   0x00000024   Code   RO         3421    .text               mc_p.l(ctype_c.o)
    0x080007dc   0x080007dc   0x00000056   Code   RO         3432    .text               mc_p.l(__dczerorl2.o)
    0x08000832   0x08000832   0x00000002   PAD
    0x08000834   0x08000834   0x000000a8   Code   RO          627    i.ADC_Enable        stm32f0xx_hal_adc.o
    0x080008dc   0x080008dc   0x00000010   Code   RO          530    i.DMA1_Channel4_5_IRQHandler  stm32f0xx_it.o
    0x080008ec   0x080008ec   0x00000024   Code   RO         1672    i.DMA_CalcBaseAndBitshift  stm32f0xx_hal_dma.o
    0x08000910   0x08000910   0x0000002e   Code   RO         1673    i.DMA_SetConfig     stm32f0xx_hal_dma.o
    0x0800093e   0x0800093e   0x0000000c   Code   RO          531    i.EXTI4_15_IRQHandler  stm32f0xx_it.o
    0x0800094a   0x0800094a   0x00000002   Code   RO          316    i.Error_Handler     main.o
    0x0800094c   0x0800094c   0x00000088   Code   RO          189    i.Gui_DrawFont_GBK16  lcd.o
    0x080009d4   0x080009d4   0x00000018   Code   RO          190    i.Gui_DrawPoint     lcd.o
    0x080009ec   0x080009ec   0x00000138   Code   RO          629    i.HAL_ADC_ConfigChannel  stm32f0xx_hal_adc.o
    0x08000b24   0x08000b24   0x00000004   Code   RO          635    i.HAL_ADC_GetState  stm32f0xx_hal_adc.o
    0x08000b28   0x08000b28   0x00000006   Code   RO          636    i.HAL_ADC_GetValue  stm32f0xx_hal_adc.o
    0x08000b2e   0x08000b2e   0x00000002   PAD
    0x08000b30   0x08000b30   0x00000178   Code   RO          638    i.HAL_ADC_Init      stm32f0xx_hal_adc.o
    0x08000ca8   0x08000ca8   0x00000058   Code   RO          385    i.HAL_ADC_MspInit   adc.o
    0x08000d00   0x08000d00   0x000000c4   Code   RO          642    i.HAL_ADC_PollForConversion  stm32f0xx_hal_adc.o
    0x08000dc4   0x08000dc4   0x00000060   Code   RO          644    i.HAL_ADC_Start     stm32f0xx_hal_adc.o
    0x08000e24   0x08000e24   0x00000044   Code   RO         1674    i.HAL_DMA_Abort     stm32f0xx_hal_dma.o
    0x08000e68   0x08000e68   0x00000048   Code   RO         1675    i.HAL_DMA_Abort_IT  stm32f0xx_hal_dma.o
    0x08000eb0   0x08000eb0   0x00000004   Code   RO         1677    i.HAL_DMA_GetError  stm32f0xx_hal_dma.o
    0x08000eb4   0x08000eb4   0x000000aa   Code   RO         1679    i.HAL_DMA_IRQHandler  stm32f0xx_hal_dma.o
    0x08000f5e   0x08000f5e   0x00000002   PAD
    0x08000f60   0x08000f60   0x00000050   Code   RO         1680    i.HAL_DMA_Init      stm32f0xx_hal_dma.o
    0x08000fb0   0x08000fb0   0x00000072   Code   RO         1684    i.HAL_DMA_Start_IT  stm32f0xx_hal_dma.o
    0x08001022   0x08001022   0x00000002   PAD
    0x08001024   0x08001024   0x00000024   Code   RO          949    i.HAL_Delay         stm32f0xx_hal.o
    0x08001048   0x08001048   0x00000034   Code   RO          357    i.HAL_GPIO_EXTI_Callback  gpio.o
    0x0800107c   0x0800107c   0x00000018   Code   RO         1612    i.HAL_GPIO_EXTI_IRQHandler  stm32f0xx_hal_gpio.o
    0x08001094   0x08001094   0x00000158   Code   RO         1613    i.HAL_GPIO_Init     stm32f0xx_hal_gpio.o
    0x080011ec   0x080011ec   0x0000000e   Code   RO         1615    i.HAL_GPIO_ReadPin  stm32f0xx_hal_gpio.o
    0x080011fa   0x080011fa   0x0000000c   Code   RO         1617    i.HAL_GPIO_WritePin  stm32f0xx_hal_gpio.o
    0x08001206   0x08001206   0x00000002   PAD
    0x08001208   0x08001208   0x0000000c   Code   RO          953    i.HAL_GetTick       stm32f0xx_hal.o
    0x08001214   0x08001214   0x00000010   Code   RO          959    i.HAL_IncTick       stm32f0xx_hal.o
    0x08001224   0x08001224   0x00000020   Code   RO          960    i.HAL_Init          stm32f0xx_hal.o
    0x08001244   0x08001244   0x00000048   Code   RO          961    i.HAL_InitTick      stm32f0xx_hal.o
    0x0800128c   0x0800128c   0x00000028   Code   RO          602    i.HAL_MspInit       stm32f0xx_hal_msp.o
    0x080012b4   0x080012b4   0x00000018   Code   RO         1770    i.HAL_NVIC_EnableIRQ  stm32f0xx_hal_cortex.o
    0x080012cc   0x080012cc   0x00000044   Code   RO         1774    i.HAL_NVIC_SetPriority  stm32f0xx_hal_cortex.o
    0x08001310   0x08001310   0x0000010c   Code   RO          914    i.HAL_RCCEx_PeriphCLKConfig  stm32f0xx_hal_rcc_ex.o
    0x0800141c   0x0800141c   0x0000012c   Code   RO          819    i.HAL_RCC_ClockConfig  stm32f0xx_hal_rcc.o
    0x08001548   0x08001548   0x0000000c   Code   RO          824    i.HAL_RCC_GetHCLKFreq  stm32f0xx_hal_rcc.o
    0x08001554   0x08001554   0x00000020   Code   RO          826    i.HAL_RCC_GetPCLK1Freq  stm32f0xx_hal_rcc.o
    0x08001574   0x08001574   0x000000a0   Code   RO          827    i.HAL_RCC_GetSysClockFreq  stm32f0xx_hal_rcc.o
    0x08001614   0x08001614   0x00000486   Code   RO          830    i.HAL_RCC_OscConfig  stm32f0xx_hal_rcc.o
    0x08001a9a   0x08001a9a   0x000000f0   Code   RO         2267    i.HAL_SPI_Init      stm32f0xx_hal_spi.o
    0x08001b8a   0x08001b8a   0x00000002   PAD
    0x08001b8c   0x08001b8c   0x00000084   Code   RO          443    i.HAL_SPI_MspInit   spi.o
    0x08001c10   0x08001c10   0x0000018e   Code   RO         2275    i.HAL_SPI_Transmit  stm32f0xx_hal_spi.o
    0x08001d9e   0x08001d9e   0x00000002   PAD
    0x08001da0   0x08001da0   0x0000003c   Code   RO         1778    i.HAL_SYSTICK_Config  stm32f0xx_hal_cortex.o
    0x08001ddc   0x08001ddc   0x00000002   Code   RO         2636    i.HAL_UARTEx_RxEventCallback  stm32f0xx_hal_uart.o
    0x08001dde   0x08001dde   0x00000002   Code   RO         3028    i.HAL_UARTEx_WakeupCallback  stm32f0xx_hal_uart_ex.o
    0x08001de0   0x08001de0   0x00000086   Code   RO         2648    i.HAL_UART_DMAStop  stm32f0xx_hal_uart.o
    0x08001e66   0x08001e66   0x00000002   Code   RO         2652    i.HAL_UART_ErrorCallback  stm32f0xx_hal_uart.o
    0x08001e68   0x08001e68   0x00000228   Code   RO         2655    i.HAL_UART_IRQHandler  stm32f0xx_hal_uart.o
    0x08002090   0x08002090   0x00000070   Code   RO         2656    i.HAL_UART_Init     stm32f0xx_hal_uart.o
    0x08002100   0x08002100   0x00000104   Code   RO          481    i.HAL_UART_MspInit  usart.o
    0x08002204   0x08002204   0x00000060   Code   RO         2660    i.HAL_UART_Receive_DMA  stm32f0xx_hal_uart.o
    0x08002264   0x08002264   0x00000002   Code   RO         2663    i.HAL_UART_RxCpltCallback  stm32f0xx_hal_uart.o
    0x08002266   0x08002266   0x00000002   Code   RO         2664    i.HAL_UART_RxHalfCpltCallback  stm32f0xx_hal_uart.o
    0x08002268   0x08002268   0x000000f8   Code   RO         2665    i.HAL_UART_Transmit  stm32f0xx_hal_uart.o
    0x08002360   0x08002360   0x00000002   Code   RO         2668    i.HAL_UART_TxCpltCallback  stm32f0xx_hal_uart.o
    0x08002362   0x08002362   0x00000002   Code   RO          532    i.HardFault_Handler  stm32f0xx_it.o
    0x08002364   0x08002364   0x00000038   Code   RO          191    i.LCD_GPIO_Init     lcd.o
    0x0800239c   0x0800239c   0x00000058   Code   RO          192    i.LCD_WriteData_16Bit  lcd.o
    0x080023f4   0x080023f4   0x0000002e   Code   RO          193    i.Lcd_Clear         lcd.o
    0x08002422   0x08002422   0x00000002   PAD
    0x08002424   0x08002424   0x0000004c   Code   RO          194    i.Lcd_Init          lcd.o
    0x08002470   0x08002470   0x00000056   Code   RO          195    i.Lcd_SetRegion     lcd.o
    0x080024c6   0x080024c6   0x00000002   PAD
    0x080024c8   0x080024c8   0x00000044   Code   RO          196    i.Lcd_WriteData     lcd.o
    0x0800250c   0x0800250c   0x00000044   Code   RO          197    i.Lcd_WriteIndex    lcd.o
    0x08002550   0x08002550   0x00000068   Code   RO          386    i.MX_ADC_Init       adc.o
    0x080025b8   0x080025b8   0x00000028   Code   RO          422    i.MX_DMA_Init       dma.o
    0x080025e0   0x080025e0   0x000000a8   Code   RO          358    i.MX_GPIO_Init      gpio.o
    0x08002688   0x08002688   0x0000004c   Code   RO          444    i.MX_SPI1_Init      spi.o
    0x080026d4   0x080026d4   0x00000038   Code   RO          482    i.MX_USART1_UART_Init  usart.o
    0x0800270c   0x0800270c   0x00000038   Code   RO          483    i.MX_USART2_UART_Init  usart.o
    0x08002744   0x08002744   0x00000002   Code   RO          533    i.NMI_Handler       stm32f0xx_it.o
    0x08002746   0x08002746   0x00000002   Code   RO          534    i.PendSV_Handler    stm32f0xx_it.o
    0x08002748   0x08002748   0x00000066   Code   RO         2305    i.SPI_EndRxTxTransaction  stm32f0xx_hal_spi.o
    0x080027ae   0x080027ae   0x00000002   PAD
    0x080027b0   0x080027b0   0x000000d4   Code   RO         2310    i.SPI_WaitFifoStateUntilTimeout  stm32f0xx_hal_spi.o
    0x08002884   0x08002884   0x000000d8   Code   RO         2311    i.SPI_WaitFlagStateUntilTimeout  stm32f0xx_hal_spi.o
    0x0800295c   0x0800295c   0x00000002   Code   RO          535    i.SVC_Handler       stm32f0xx_it.o
    0x0800295e   0x0800295e   0x00000008   Code   RO          536    i.SysTick_Handler   stm32f0xx_it.o
    0x08002966   0x08002966   0x00000072   Code   RO          317    i.SystemClock_Config  main.o
    0x080029d8   0x080029d8   0x0000005c   Code   RO           13    i.SystemInit        system_stm32f0xx.o
    0x08002a34   0x08002a34   0x000000cc   Code   RO         2670    i.UART_AdvFeatureConfig  stm32f0xx_hal_uart.o
    0x08002b00   0x08002b00   0x00000068   Code   RO         2671    i.UART_CheckIdleState  stm32f0xx_hal_uart.o
    0x08002b68   0x08002b68   0x00000014   Code   RO         2672    i.UART_DMAAbortOnError  stm32f0xx_hal_uart.o
    0x08002b7c   0x08002b7c   0x0000004c   Code   RO         2673    i.UART_DMAError     stm32f0xx_hal_uart.o
    0x08002bc8   0x08002bc8   0x0000005c   Code   RO         2674    i.UART_DMAReceiveCplt  stm32f0xx_hal_uart.o
    0x08002c24   0x08002c24   0x0000001c   Code   RO         2676    i.UART_DMARxHalfCplt  stm32f0xx_hal_uart.o
    0x08002c40   0x08002c40   0x00000032   Code   RO         2682    i.UART_EndRxTransfer  stm32f0xx_hal_uart.o
    0x08002c72   0x08002c72   0x0000001a   Code   RO         2683    i.UART_EndTransmit_IT  stm32f0xx_hal_uart.o
    0x08002c8c   0x08002c8c   0x00000010   Code   RO         2684    i.UART_EndTxTransfer  stm32f0xx_hal_uart.o
    0x08002c9c   0x08002c9c   0x00000154   Code   RO         2687    i.UART_SetConfig    stm32f0xx_hal_uart.o
    0x08002df0   0x08002df0   0x0000008c   Code   RO         2688    i.UART_Start_Receive_DMA  stm32f0xx_hal_uart.o
    0x08002e7c   0x08002e7c   0x000000c0   Code   RO         2692    i.UART_WaitOnFlagUntilTimeout  stm32f0xx_hal_uart.o
    0x08002f3c   0x08002f3c   0x00000010   Code   RO          537    i.USART1_IRQHandler  stm32f0xx_it.o
    0x08002f4c   0x08002f4c   0x00000058   Code   RO          538    i.USART2_IRQHandler  stm32f0xx_it.o
    0x08002fa4   0x08002fa4   0x00000020   Code   RO         3317    i.__0printf$8       mc_p.l(printf8.o)
    0x08002fc4   0x08002fc4   0x00000028   Code   RO         3319    i.__0sprintf$8      mc_p.l(printf8.o)
    0x08002fec   0x08002fec   0x00000032   Code   RO          905    i.__ARM_common_ll_muluu  stm32f0xx_hal_rcc.o
    0x0800301e   0x0800301e   0x0000001a   Code   RO          346    i.__ARM_common_switch8  main.o
    0x08003038   0x08003038   0x0000000e   Code   RO         3426    i.__scatterload_copy  mc_p.l(handlers.o)
    0x08003046   0x08003046   0x00000002   Code   RO         3427    i.__scatterload_null  mc_p.l(handlers.o)
    0x08003048   0x08003048   0x0000000e   Code   RO         3428    i.__scatterload_zeroinit  mc_p.l(handlers.o)
    0x08003056   0x08003056   0x00000002   PAD
    0x08003058   0x08003058   0x00000428   Code   RO         3324    i._printf_core      mc_p.l(printf8.o)
    0x08003480   0x08003480   0x00000020   Code   RO         3325    i._printf_post_padding  mc_p.l(printf8.o)
    0x080034a0   0x080034a0   0x0000002c   Code   RO         3326    i._printf_pre_padding  mc_p.l(printf8.o)
    0x080034cc   0x080034cc   0x0000000a   Code   RO         3328    i._sputc            mc_p.l(printf8.o)
    0x080034d6   0x080034d6   0x00000002   PAD
    0x080034d8   0x080034d8   0x00000018   Code   RO          484    i.fputc             usart.o
    0x080034f0   0x080034f0   0x0000041c   Code   RO          318    i.main              main.o
    0x0800390c   0x0800390c   0x0000009c   Code   RO          283    i.sensoring         sensor.o
    0x080039a8   0x080039a8   0x00000010   Data   RO           14    .constdata          system_stm32f0xx.o
    0x080039b8   0x080039b8   0x00000008   Data   RO           15    .constdata          system_stm32f0xx.o
    0x080039c0   0x080039c0   0x00001001   Data   RO          200    .constdata          lcd.o
    0x080049c1   0x080049c1   0x00000040   Data   RO         3422    .constdata          mc_p.l(ctype_c.o)
    0x08004a01   0x08004a01   0x00000003   PAD
    0x08004a04   0x08004a04   0x00000020   Data   RO         3424    Region$$Table       anon$$obj.o


    Execution Region RW_IRAM1 (Exec base: 0x20000000, Load base: 0x08004a24, Size: 0x00000958, Max: 0x00002000, ABSOLUTE, COMPRESSED[0x00000090])

    Exec Addr    Load Addr    Size         Type   Attr      Idx    E Section Name        Object

    0x20000000   COMPRESSED   0x00000004   Data   RW           16    .data               system_stm32f0xx.o
    0x20000004   COMPRESSED   0x00000237   Data   RW          144    .data               at4nb.o
    0x2000023b   COMPRESSED   0x00000001   Data   RW          145    .data               at4nb.o
    0x2000023c   COMPRESSED   0x00000007   Data   RW          146    .data               at4nb.o
    0x20000243   COMPRESSED   0x00000001   Data   RW          284    .data               sensor.o
    0x20000244   COMPRESSED   0x00000001   Data   RW          285    .data               sensor.o
    0x20000245   COMPRESSED   0x00000003   PAD
    0x20000248   COMPRESSED   0x00000008   Data   RW          286    .data               sensor.o
    0x20000250   COMPRESSED   0x00000001   Data   RW          319    .data               main.o
    0x20000251   COMPRESSED   0x00000003   PAD
    0x20000254   COMPRESSED   0x0000000c   Data   RW          967    .data               stm32f0xx_hal.o
    0x20000260   COMPRESSED   0x00000004   Data   RW         3389    .data               mc_p.l(stdout.o)
    0x20000264        -       0x00000040   Zero   RW          387    .bss                adc.o
    0x200002a4        -       0x00000064   Zero   RW          445    .bss                spi.o
    0x20000308        -       0x00000250   Zero   RW          485    .bss                usart.o
    0x20000558        -       0x00000400   Zero   RW            1    STACK               startup_stm32f051x8.o


==============================================================================

Image component sizes


      Code (inc. data)   RO Data    RW Data    ZI Data      Debug   Object Name

       192         18          0          0         64       1535   adc.o
         0          0          0        575          0       2865   at4nb.o
        40          4          0          0          0        666   dma.o
       220         28          0          0          0       1483   gpio.o
       648         56       4097          0          0       6249   lcd.o
      1194        360          0          1          0       2925   main.o
       156         48          0         10          0        886   sensor.o
       208         22          0          0        100       1545   spi.o
        28          8        188          0       1024        608   startup_stm32f051x8.o
       168         30          0         12          0       8009   stm32f0xx_hal.o
      1158         44          0          0          0       6053   stm32f0xx_hal_adc.o
       152         28          0          0          0       9989   stm32f0xx_hal_cortex.o
       590         14          0          0          0       5917   stm32f0xx_hal_dma.o
       394         32          0          0          0       3474   stm32f0xx_hal_gpio.o
        40          6          0          0          0        754   stm32f0xx_hal_msp.o
      1712         96          0          0          0       6373   stm32f0xx_hal_rcc.o
       268         12          0          0          0       1412   stm32f0xx_hal_rcc_ex.o
      1168         10          0          0          0       5650   stm32f0xx_hal_spi.o
      2440         62          0          0          0      16894   stm32f0xx_hal_uart.o
         2          0          0          0          0        900   stm32f0xx_hal_uart_ex.o
       148         30          0          0          0       3758   stm32f0xx_it.o
        92         14         24          4          0     306851   system_stm32f0xx.o
       396         46          0          0        592       3102   usart.o

    ----------------------------------------------------------------------
     11432        968       4341        608       1780     397898   Object Totals
         0          0         32          0          0          0   (incl. Generated)
        18          0          0          6          0          0   (incl. Padding)

    ----------------------------------------------------------------------

      Code (inc. data)   RO Data    RW Data    ZI Data      Debug   Library Member Name

        60         10          0          0          0         84   __0sscanf.o
        86          0          0          0          0          0   __dczerorl2.o
        30          0          0          0          0         60   _chval.o
       824         12          0          0          0         84   _scanf.o
       330          0          0          0          0         84   _scanf_int.o
        68          0          0          0          0         76   _sgetc.o
        36          4         64          0          0         60   ctype_c.o
         0          0          0          0          0          0   entry.o
         0          0          0          0          0          0   entry10a.o
         0          0          0          0          0          0   entry11a.o
         8          4          0          0          0          0   entry2.o
         4          0          0          0          0          0   entry5.o
         0          0          0          0          0          0   entry7b.o
         0          0          0          0          0          0   entry8b.o
         8          4          0          0          0          0   entry9a.o
        30          0          0          0          0          0   handlers.o
        36          8          0          0          0         68   init.o
        14          0          0          0          0         68   isspace_c.o
        32          0          0          0          0         68   llshl.o
        34          0          0          0          0         68   llushr.o
        36          0          0          0          0         60   memcpya.o
        36          0          0          0          0        100   memseta.o
      1222         56          0          0          0        468   printf8.o
        44          8          0          0          0         84   scanf_char.o
         0          0          0          4          0          0   stdout.o
        14          0          0          0          0         60   strlen.o
        40          0          0          0          0         72   strstr.o
        44          0          0          0          0         72   uidiv.o
        96          0          0          0          0         84   uldiv.o

    ----------------------------------------------------------------------
      3140        106         67          4          0       1720   Library Totals
         8          0          3          0          0          0   (incl. Padding)

    ----------------------------------------------------------------------

      Code (inc. data)   RO Data    RW Data    ZI Data      Debug   Library Name

      3132        106         64          4          0       1720   mc_p.l

    ----------------------------------------------------------------------
      3140        106         67          4          0       1720   Library Totals

    ----------------------------------------------------------------------

==============================================================================


      Code (inc. data)   RO Data    RW Data    ZI Data      Debug   

     14572       1074       4408        612       1780     394870   Grand Totals
     14572       1074       4408        144       1780     394870   ELF Image Totals (compressed)
     14572       1074       4408        144          0          0   ROM Totals

==============================================================================

    Total RO  Size (Code + RO Data)                18980 (  18.54kB)
    Total RW  Size (RW Data + ZI Data)              2392 (   2.34kB)
    Total ROM Size (Code + RO Data + RW Data)      19124 (  18.68kB)

==============================================================================

